Archive member included to satisfy reference by file (symbol)

../Middlewares/Third_Party/gtec_Driver/gCore/crypto\libSTM32Cryptographic_CM33.a(cmox_cipher.c.o)
                              ./gLib/gCore/gCom.o (cmox_cipher_decrypt)
../Middlewares/Third_Party/gtec_Driver/gCore/crypto\libSTM32Cryptographic_CM33.a(cmox_ctr_aesfast.c.o)
                              ./gLib/gCore/gCom.o (CMOX_AESFAST_CTR_DEC_ALGO)
../Middlewares/Third_Party/gtec_Driver/gCore/crypto\libSTM32Cryptographic_CM33.a(cmox_init.c.o)
                              ./gLib/gCore/gCom.o (cmox_initialize)
../Middlewares/Third_Party/gtec_Driver/gCore/crypto\libSTM32Cryptographic_CM33.a(cmox_aesfast_encrypt.c.o)
                              ../Middlewares/Third_Party/gtec_Driver/gCore/crypto\libSTM32Cryptographic_CM33.a(cmox_ctr_aesfast.c.o) (CMOX_AESFAST_ENCRYPT_VTABLE)
../Middlewares/Third_Party/gtec_Driver/gCore/crypto\libSTM32Cryptographic_CM33.a(cmox_ctr.c.o)
                              ../Middlewares/Third_Party/gtec_Driver/gCore/crypto\libSTM32Cryptographic_CM33.a(cmox_ctr_aesfast.c.o) (cmox_ctr_construct)
../Middlewares/Third_Party/gtec_Driver/gCore/crypto\libSTM32Cryptographic_CM33.a(cmox_aes_common.c.o)
                              ../Middlewares/Third_Party/gtec_Driver/gCore/crypto\libSTM32Cryptographic_CM33.a(cmox_aesfast_encrypt.c.o) (CMOX_AES_SBOX)
../Middlewares/Third_Party/gtec_Driver/gCore/crypto\libSTM32Cryptographic_CM33.a(cmox_cipher_modes.c.o)
                              ../Middlewares/Third_Party/gtec_Driver/gCore/crypto\libSTM32Cryptographic_CM33.a(cmox_ctr.c.o) (cmox_cipherMode_init)
../Middlewares/Third_Party/gtec_Driver/gCore/crypto\libSTM32Cryptographic_CM33.a(cmox_cipher_utils.c.o)
                              ../Middlewares/Third_Party/gtec_Driver/gCore/crypto\libSTM32Cryptographic_CM33.a(cmox_ctr.c.o) (convert_block_2_bytes)
C:/ST/STM32CubeIDE_1.13.1/STM32CubeIDE/plugins/com.st.stm32cube.ide.mcu.externaltools.gnu-tools-for-stm32.13.3.rel1.win32_1.0.0.202411081344/tools/bin/../lib/gcc/arm-none-eabi/13.3.1/../../../../arm-none-eabi/lib/thumb/v8-m.main+fp/hard\libc_nano.a(libc_a-exit.o)
                              C:/ST/STM32CubeIDE_1.13.1/STM32CubeIDE/plugins/com.st.stm32cube.ide.mcu.externaltools.gnu-tools-for-stm32.13.3.rel1.win32_1.0.0.202411081344/tools/bin/../lib/gcc/arm-none-eabi/13.3.1/../../../../arm-none-eabi/lib/thumb/v8-m.main+fp/hard/crt0.o (exit)
C:/ST/STM32CubeIDE_1.13.1/STM32CubeIDE/plugins/com.st.stm32cube.ide.mcu.externaltools.gnu-tools-for-stm32.13.3.rel1.win32_1.0.0.202411081344/tools/bin/../lib/gcc/arm-none-eabi/13.3.1/../../../../arm-none-eabi/lib/thumb/v8-m.main+fp/hard\libc_nano.a(libc_a-malloc.o)
                              ./gLib/gCore/gBuf.o (malloc)
C:/ST/STM32CubeIDE_1.13.1/STM32CubeIDE/plugins/com.st.stm32cube.ide.mcu.externaltools.gnu-tools-for-stm32.13.3.rel1.win32_1.0.0.202411081344/tools/bin/../lib/gcc/arm-none-eabi/13.3.1/../../../../arm-none-eabi/lib/thumb/v8-m.main+fp/hard\libc_nano.a(libc_a-mallocr.o)
                              C:/ST/STM32CubeIDE_1.13.1/STM32CubeIDE/plugins/com.st.stm32cube.ide.mcu.externaltools.gnu-tools-for-stm32.13.3.rel1.win32_1.0.0.202411081344/tools/bin/../lib/gcc/arm-none-eabi/13.3.1/../../../../arm-none-eabi/lib/thumb/v8-m.main+fp/hard\libc_nano.a(libc_a-malloc.o) (_malloc_r)
C:/ST/STM32CubeIDE_1.13.1/STM32CubeIDE/plugins/com.st.stm32cube.ide.mcu.externaltools.gnu-tools-for-stm32.13.3.rel1.win32_1.0.0.202411081344/tools/bin/../lib/gcc/arm-none-eabi/13.3.1/../../../../arm-none-eabi/lib/thumb/v8-m.main+fp/hard\libc_nano.a(libc_a-mlock.o)
                              C:/ST/STM32CubeIDE_1.13.1/STM32CubeIDE/plugins/com.st.stm32cube.ide.mcu.externaltools.gnu-tools-for-stm32.13.3.rel1.win32_1.0.0.202411081344/tools/bin/../lib/gcc/arm-none-eabi/13.3.1/../../../../arm-none-eabi/lib/thumb/v8-m.main+fp/hard\libc_nano.a(libc_a-mallocr.o) (__malloc_lock)
C:/ST/STM32CubeIDE_1.13.1/STM32CubeIDE/plugins/com.st.stm32cube.ide.mcu.externaltools.gnu-tools-for-stm32.13.3.rel1.win32_1.0.0.202411081344/tools/bin/../lib/gcc/arm-none-eabi/13.3.1/../../../../arm-none-eabi/lib/thumb/v8-m.main+fp/hard\libc_nano.a(libc_a-findfp.o)
                              C:/ST/STM32CubeIDE_1.13.1/STM32CubeIDE/plugins/com.st.stm32cube.ide.mcu.externaltools.gnu-tools-for-stm32.13.3.rel1.win32_1.0.0.202411081344/tools/bin/../lib/gcc/arm-none-eabi/13.3.1/../../../../arm-none-eabi/lib/thumb/v8-m.main+fp/hard\libc_nano.a(libc_a-exit.o) (__stdio_exit_handler)
C:/ST/STM32CubeIDE_1.13.1/STM32CubeIDE/plugins/com.st.stm32cube.ide.mcu.externaltools.gnu-tools-for-stm32.13.3.rel1.win32_1.0.0.202411081344/tools/bin/../lib/gcc/arm-none-eabi/13.3.1/../../../../arm-none-eabi/lib/thumb/v8-m.main+fp/hard\libc_nano.a(libc_a-fwalk.o)
[...]
Memory Configuration

Name             Origin             Length             Attributes
RAM              0x20000000         0x000a0000         xrw
FLASH            0x08020000         0x000de000         xr
*default*        0x00000000         0xffffffff

Linker script and memory map

LOAD C:/ST/STM32CubeIDE_1.13.1/STM32CubeIDE/plugins/com.st.stm32cube.ide.mcu.externaltools.gnu-tools-for-stm32.13.3.rel1.win32_1.0.0.202411081344/tools/bin/../lib/gcc/arm-none-eabi/13.3.1/thumb/v8-m.main+fp/hard/crti.o
LOAD C:/ST/STM32CubeIDE_1.13.1/STM32CubeIDE/plugins/com.st.stm32cube.ide.mcu.externaltools.gnu-tools-for-stm32.13.3.rel1.win32_1.0.0.202411081344/tools/bin/../lib/gcc/arm-none-eabi/13.3.1/thumb/v8-m.main+fp/hard/crtbegin.o
LOAD C:/ST/STM32CubeIDE_1.13.1/STM32CubeIDE/plugins/com.st.stm32cube.ide.mcu.externaltools.gnu-tools-for-stm32.13.3.rel1.win32_1.0.0.202411081344/tools/bin/../lib/gcc/arm-none-eabi/13.3.1/../../../../arm-none-eabi/lib/thumb/v8-m.main+fp/hard/crt0.o
LOAD ./Core/Src/adc.o
LOAD ./Core/Src/crc.o
LOAD ./Core/Src/gpdma.o
LOAD ./Core/Src/gpio.o
LOAD ./Core/Src/gtzc.o
LOAD ./Core/Src/i2c.o
LOAD ./Core/Src/icache.o
LOAD ./Core/Src/iwdg.o
LOAD ./Core/Src/main.o
LOAD ./Core/Src/memorymap.o
LOAD ./Core/Src/stm32h5xx_hal_msp.o
LOAD ./Core/Src/stm32h5xx_it.o
LOAD ./Core/Src/syscalls.o
LOAD ./Core/Src/sysmem.o
LOAD ./Core/Src/system_stm32h5xx.o
LOAD ./Core/Src/tim.o
LOAD ./Core/Src/usart.o
LOAD ./Core/Startup/startup_stm32h562rgtx.o
LOAD ./Drivers/STM32H5xx_HAL_Driver/Src/stm32h5xx_hal.o
LOAD ./Drivers/STM32H5xx_HAL_Driver/Src/stm32h5xx_hal_adc.o
LOAD ./Drivers/STM32H5xx_HAL_Driver/Src/stm32h5xx_hal_adc_ex.o
LOAD ./Drivers/STM32H5xx_HAL_Driver/Src/stm32h5xx_hal_cortex.o
LOAD ./Drivers/STM32H5xx_HAL_Driver/Src/stm32h5xx_hal_crc.o
LOAD ./Drivers/STM32H5xx_HAL_Driver/Src/stm32h5xx_hal_crc_ex.o
LOAD ./Drivers/STM32H5xx_HAL_Driver/Src/stm32h5xx_hal_dma.o
LOAD ./Drivers/STM32H5xx_HAL_Driver/Src/stm32h5xx_hal_dma_ex.o
LOAD ./Drivers/STM32H5xx_HAL_Driver/Src/stm32h5xx_hal_exti.o
LOAD ./Drivers/STM32H5xx_HAL_Driver/Src/stm32h5xx_hal_flash.o
LOAD ./Drivers/STM32H5xx_HAL_Driver/Src/stm32h5xx_hal_flash_ex.o
LOAD ./Drivers/STM32H5xx_HAL_Driver/Src/stm32h5xx_hal_gpio.o
LOAD ./Drivers/STM32H5xx_HAL_Driver/Src/stm32h5xx_hal_gtzc.o
LOAD ./Drivers/STM32H5xx_HAL_Driver/Src/stm32h5xx_hal_i2c.o
LOAD ./Drivers/STM32H5xx_HAL_Driver/Src/stm32h5xx_hal_i2c_ex.o
LOAD ./Drivers/STM32H5xx_HAL_Driver/Src/stm32h5xx_hal_icache.o
LOAD ./Drivers/STM32H5xx_HAL_Driver/Src/stm32h5xx_hal_iwdg.o
LOAD ./Drivers/STM32H5xx_HAL_Driver/Src/stm32h5xx_hal_pwr.o
LOAD ./Drivers/STM32H5xx_HAL_Driver/Src/stm32h5xx_hal_pwr_ex.o
LOAD ./Drivers/STM32H5xx_HAL_Driver/Src/stm32h5xx_hal_rcc.o
LOAD ./Drivers/STM32H5xx_HAL_Driver/Src/stm32h5xx_hal_rcc_ex.o
LOAD ./Drivers/STM32H5xx_HAL_Driver/Src/stm32h5xx_hal_tim.o
LOAD ./Drivers/STM32H5xx_HAL_Driver/Src/stm32h5xx_hal_tim_ex.o
LOAD ./Drivers/STM32H5xx_HAL_Driver/Src/stm32h5xx_hal_uart.o
LOAD ./Drivers/STM32H5xx_HAL_Driver/Src/stm32h5xx_hal_uart_ex.o
LOAD ./gLib/gApp/gApp.o
LOAD ./gLib/gApp/gVib.o
LOAD ./gLib/gApp/mp8859.o
LOAD ./gLib/gCore/gBuf.o
LOAD ./gLib/gCore/gBuz.o
LOAD ./gLib/gCore/gCom.o
LOAD ./gLib/gCore/gComCallback.o
LOAD ./gLib/gCore/gCore.o
LOAD ./gLib/gCore/gInfo.o
LOAD ./gLib/gCore/gTemp.o
LOAD ../Middlewares/Third_Party/gtec_Driver/gCore/crypto\libSTM32Cryptographic_CM33.a
START GROUP
LOAD C:/ST/STM32CubeIDE_1.13.1/STM32CubeIDE/plugins/com.st.stm32cube.ide.mcu.externaltools.gnu-tools-for-stm32.13.3.rel1.win32_1.0.0.202411081344/tools/bin/../lib/gcc/arm-none-eabi/13.3.1/../../../../arm-none-eabi/lib/thumb/v8-m.main+fp/hard\libc_nano.a
LOAD C:/ST/STM32CubeIDE_1.13.1/STM32CubeIDE/plugins/com.st.stm32cube.ide.mcu.externaltools.gnu-tools-for-stm32.13.3.rel1.win32_1.0.0.202411081344/tools/bin/../lib/gcc/arm-none-eabi/13.3.1/../../../../arm-none-eabi/lib/thumb/v8-m.main+fp/hard\libm.a
END GROUP
START GROUP
LOAD C:/ST/STM32CubeIDE_1.13.1/STM32CubeIDE/plugins/com.st.stm32cube.ide.mcu.externaltools.gnu-tools-for-stm32.13.3.rel1.win32_1.0.0.202411081344/tools/bin/../lib/gcc/arm-none-eabi/13.3.1/thumb/v8-m.main+fp/hard\libgcc.a
LOAD C:/ST/STM32CubeIDE_1.13.1/STM32CubeIDE/plugins/com.st.stm32cube.ide.mcu.externaltools.gnu-tools-for-stm32.13.3.rel1.win32_1.0.0.202411081344/tools/bin/../lib/gcc/arm-none-eabi/13.3.1/../../../../arm-none-eabi/lib/thumb/v8-m.main+fp/hard\libc_nano.a
END GROUP
START GROUP
LOAD C:/ST/STM32CubeIDE_1.13.1/STM32CubeIDE/plugins/com.st.stm32cube.ide.mcu.externaltools.gnu-tools-for-stm32.13.3.rel1.win32_1.0.0.202411081344/tools/bin/../lib/gcc/arm-none-eabi/13.3.1/thumb/v8-m.main+fp/hard\libgcc.a
LOAD C:/ST/STM32CubeIDE_1.13.1/STM32CubeIDE/plugins/com.st.stm32cube.ide.mcu.externaltools.gnu-tools-for-stm32.13.3.rel1.win32_1.0.0.202411081344/tools/bin/../lib/gcc/arm-none-eabi/13.3.1/../../../../arm-none-eabi/lib/thumb/v8-m.main+fp/hard\libc_nano.a
LOAD C:/ST/STM32CubeIDE_1.13.1/STM32CubeIDE/plugins/com.st.stm32cube.ide.mcu.externaltools.gnu-tools-for-stm32.13.3.rel1.win32_1.0.0.202411081344/tools/bin/../lib/gcc/arm-none-eabi/13.3.1/../../../../arm-none-eabi/lib/thumb/v8-m.main+fp/hard\libnosys.a
END GROUP
START GROUP
LOAD C:/ST/STM32CubeIDE_1.13.1/STM32CubeIDE/plugins/com.st.stm32cube.ide.mcu.externaltools.gnu-tools-for-stm32.13.3.rel1.win32_1.0.0.202411081344/tools/bin/../lib/gcc/arm-none-eabi/13.3.1/thumb/v8-m.main+fp/hard\libgcc.a
LOAD C:/ST/STM32CubeIDE_1.13.1/STM32CubeIDE/plugins/com.st.stm32cube.ide.mcu.externaltools.gnu-tools-for-stm32.13.3.rel1.win32_1.0.0.202411081344/tools/bin/../lib/gcc/arm-none-eabi/13.3.1/../../../../arm-none-eabi/lib/thumb/v8-m.main+fp/hard\libc_nano.a
LOAD C:/ST/STM32CubeIDE_1.13.1/STM32CubeIDE/plugins/com.st.stm32cube.ide.mcu.externaltools.gnu-tools-for-stm32.13.3.rel1.win32_1.0.0.202411081344/tools/bin/../lib/gcc/arm-none-eabi/13.3.1/../../../../arm-none-eabi/lib/thumb/v8-m.main+fp/hard\libnosys.a
END GROUP
LOAD C:/ST/STM32CubeIDE_1.13.1/STM32CubeIDE/plugins/com.st.stm32cube.ide.mcu.externaltools.gnu-tools-for-stm32.13.3.rel1.win32_1.0.0.202411081344/tools/bin/../lib/gcc/arm-none-eabi/13.3.1/thumb/v8-m.main+fp/hard/crtend.o
LOAD C:/ST/STM32CubeIDE_1.13.1/STM32CubeIDE/plugins/com.st.stm32cube.ide.mcu.externaltools.gnu-tools-for-stm32.13.3.rel1.win32_1.0.0.202411081344/tools/bin/../lib/gcc/arm-none-eabi/13.3.1/thumb/v8-m.main+fp/hard/crtn.o
                0x200a0000                        _estack = (ORIGIN (RAM) + LENGTH (RAM))
                0x00002000                        _Min_Heap_Size = 0x2000
                0x00000400                        _Min_Stack_Size = 0x400
                0x08020300                        _flash_header_address = (ORIGIN (FLASH) + 0x300)

.isr_vector     0x08020000      0x24c
                0x08020000                        . = ALIGN (0x4)
 *(.isr_vector)
 .isr_vector    0x08020000      0x24c ./Core/Startup/startup_stm32h562rgtx.o
                0x08020000                g_pfnVectors
                0x0802024c                        . = ALIGN (0x4)

.gInfoHeader    0x08020300       0x80
 *(.gInfoHeader)
 .gInfoHeader   0x08020300       0x80 ./gLib/gCore/gInfo.o
                0x08020300                ginfo_header_

.text           0x08020380     0xbf48
                0x08020380                        . = ALIGN (0x4)
 *(.text)
 .text          0x08020380       0x40 C:/ST/STM32CubeIDE_1.13.1/STM32CubeIDE/plugins/com.st.stm32cube.ide.mcu.externaltools.gnu-tools-for-stm32.13.3.rel1.win32_1.0.0.202411081344/tools/bin/../lib/gcc/arm-none-eabi/13.3.1/thumb/v8-m.main+fp/hard/crtbegin.o
 .text          0x080203c0       0x58 ../Middlewares/Third_Party/gtec_Driver/gCore/crypto\libSTM32Cryptographic_CM33.a(cmox_cipher.c.o)
                0x080203c0                cmox_cipher_encrypt
 .text          0x08020418       0x58 ../Middlewares/Third_Party/gtec_Driver/gCore/crypto\libSTM32Cryptographic_CM33.a(cmox_cipher.c.o)
                0x08020418                cmox_cipher_decrypt
 .text          0x08020470       0x64 ../Middlewares/Third_Party/gtec_Driver/gCore/crypto\libSTM32Cryptographic_CM33.a(cmox_cipher.c.o)
                0x08020470                cmox_cipher_innerCompute
 .text          0x080204d4       0x40 ../Middlewares/Third_Party/gtec_Driver/gCore/crypto\libSTM32Cryptographic_CM33.a(cmox_ctr_aesfast.c.o)
 .text          0x08020514       0x20 ../Middlewares/Third_Party/gtec_Driver/gCore/crypto\libSTM32Cryptographic_CM33.a(cmox_init.c.o)
                0x08020514                cmox_initialize
 .text          0x08020534      0x31c ../Middlewares/Third_Party/gtec_Driver/gCore/crypto\libSTM32Cryptographic_CM33.a(cmox_aesfast_encrypt.c.o)
 .text          0x08020850       0x20 ../Middlewares/Third_Party/gtec_Driver/gCore/crypto\libSTM32Cryptographic_CM33.a(cmox_ctr.c.o)
 .text          0x08020870       0x20 ../Middlewares/Third_Party/gtec_Driver/gCore/crypto\libSTM32Cryptographic_CM33.a(cmox_ctr.c.o)
 .text          0x08020890       0x24 ../Middlewares/Third_Party/gtec_Driver/gCore/crypto\libSTM32Cryptographic_CM33.a(cmox_ctr.c.o)
 .text          0x080208b4       0x34 ../Middlewares/Third_Party/gtec_Driver/gCore/crypto\libSTM32Cryptographic_CM33.a(cmox_ctr.c.o)
 .text          0x080208e8       0xb4 ../Middlewares/Third_Party/gtec_Driver/gCore/crypto\libSTM32Cryptographic_CM33.a(cmox_ctr.c.o)
 .text          0x0802099c       0x10 ../Middlewares/Third_Party/gtec_Driver/gCore/crypto\libSTM32Cryptographic_CM33.a(cmox_ctr.c.o)
                0x0802099c                cmox_ctr_general_dir
 .text          0x080209ac       0x10 ../Middlewares/Third_Party/gtec_Driver/gCore/crypto\libSTM32Cryptographic_CM33.a(cmox_ctr.c.o)
 .text          0x080209bc        0xa ../Middlewares/Third_Party/gtec_Driver/gCore/crypto\libSTM32Cryptographic_CM33.a(cmox_ctr.c.o)
                0x080209bc                cmox_ctr_construct
 *fill*         0x080209c6        0x2 
 .text          0x080209c8      0x128 ../Middlewares/Third_Party/gtec_Driver/gCore/crypto\libSTM32Cryptographic_CM33.a(cmox_aes_common.c.o)
                0x080209c8                cmox_aesSmall_keySchedule
 .text          0x08020af0        0xe ../Middlewares/Third_Party/gtec_Driver/gCore/crypto\libSTM32Cryptographic_CM33.a(cmox_cipher_modes.c.o)
                0x08020af0                cmox_cipherMode_init
 *fill*         0x08020afe        0x2 
 .text          0x08020b00      0x3c8 ../Middlewares/Third_Party/gtec_Driver/gCore/crypto\libSTM32Cryptographic_CM33.a(cmox_cipher_modes.c.o)
                0x08020b00                cmox_cipherMode_setKey
 .text          0x08020ec8       0x48 ../Middlewares/Third_Party/gtec_Driver/gCore/crypto\libSTM32Cryptographic_CM33.a(cmox_cipher_modes.c.o)
                0x08020ec8                cmox_cipherMode_setIV
 .text          0x08020f10        0x6 ../Middlewares/Third_Party/gtec_Driver/gCore/crypto\libSTM32Cryptographic_CM33.a(cmox_cipher_modes.c.o)
                0x08020f10                cmox_cipher_setTagLen_empty
 .text          0x08020f16        0x6 ../Middlewares/Third_Party/gtec_Driver/gCore/crypto\libSTM32Cryptographic_CM33.a(cmox_cipher_modes.c.o)
                0x08020f16                cmox_cipher_setPayloadLen_empty
 .text          0x08020f1c        0x6 ../Middlewares/Third_Party/gtec_Driver/gCore/crypto\libSTM32Cryptographic_CM33.a(cmox_cipher_modes.c.o)
                0x08020f1c                cmox_cipher_setADLen_empty
 .text          0x08020f22        0x6 ../Middlewares/Third_Party/gtec_Driver/gCore/crypto\libSTM32Cryptographic_CM33.a(cmox_cipher_modes.c.o)
                0x08020f22                cmox_cipher_appendAD_empty
 .text          0x08020f28        0x8 ../Middlewares/Third_Party/gtec_Driver/gCore/crypto\libSTM32Cryptographic_CM33.a(cmox_cipher_modes.c.o)
                0x08020f28                cmox_cipher_generateTag_empty
 .text          0x08020f30        0x8 ../Middlewares/Third_Party/gtec_Driver/gCore/crypto\libSTM32Cryptographic_CM33.a(cmox_cipher_modes.c.o)
                0x08020f30                cmox_cipher_verifyTag_empty
 .text          0x08020f38        0x8 ../Middlewares/Third_Party/gtec_Driver/gCore/crypto\libSTM32Cryptographic_CM33.a(cmox_cipher_modes.c.o)
 .text          0x08020f40       0x2e ../Middlewares/Third_Party/gtec_Driver/gCore/crypto\libSTM32Cryptographic_CM33.a(cmox_cipher_utils.c.o)
                0x08020f40                convert_block_2_bytes
 .text          0x08020f6e       0x10 C:/ST/STM32CubeIDE_1.13.1/STM32CubeIDE/plugins/com.st.stm32cube.ide.mcu.externaltools.gnu-tools-for-stm32.13.3.rel1.win32_1.0.0.202411081344/tools/bin/../lib/gcc/arm-none-eabi/13.3.1/../../../../arm-none-eabi/lib/thumb/v8-m.main+fp/hard\libc_nano.a(libc_a-strlen.o)
                0x08020f6e                strlen
 .text          0x08020f7e       0x9a C:/ST/STM32CubeIDE_1.13.1/STM32CubeIDE/plugins/com.st.stm32cube.ide.mcu.externaltools.gnu-tools-for-stm32.13.3.rel1.win32_1.0.0.202411081344/tools/bin/../lib/gcc/arm-none-eabi/13.3.1/../../../../arm-none-eabi/lib/thumb/v8-m.main+fp/hard\libc_nano.a(libc_a-aeabi_memset-soft.o)
                0x08020f7e                __aeabi_memset8
                0x08020f7e                __aeabi_memset4
                0x08020f7e                __aeabi_memset
 .text          0x08021018       0x30 C:/ST/STM32CubeIDE_1.13.1/STM32CubeIDE/plugins/com.st.stm32cube.ide.mcu.externaltools.gnu-tools-for-stm32.13.3.rel1.win32_1.0.0.202411081344/tools/bin/../lib/gcc/arm-none-eabi/13.3.1/thumb/v8-m.main+fp/hard\libgcc.a(_aeabi_uldivmod.o)
                0x08021018                __aeabi_uldivmod
 .text          0x08021048      0x348 C:/ST/STM32CubeIDE_1.13.1/STM32CubeIDE/plugins/com.st.stm32cube.ide.mcu.externaltools.gnu-tools-for-stm32.13.3.rel1.win32_1.0.0.202411081344/tools/bin/../lib/gcc/arm-none-eabi/13.3.1/thumb/v8-m.main+fp/hard\libgcc.a(_udivmoddi4.o)
                0x08021048                __udivmoddi4
 .text          0x08021390        0x4 C:/ST/STM32CubeIDE_1.13.1/STM32CubeIDE/plugins/com.st.stm32cube.ide.mcu.externaltools.gnu-tools-for-stm32.13.3.rel1.win32_1.0.0.202411081344/tools/bin/../lib/gcc/arm-none-eabi/13.3.1/thumb/v8-m.main+fp/hard\libgcc.a(_dvmd_tls.o)
                0x08021390                __aeabi_idiv0
                0x08021390                __aeabi_ldiv0
 *(.text*)
 .text.MX_ADC2_Init
                0x08021394       0x80 ./Core/Src/adc.o
                0x08021394                MX_ADC2_Init
 .text.HAL_ADC_MspInit
                0x08021414       0xb0 ./Core/Src/adc.o
                0x08021414                HAL_ADC_MspInit
 .text.MX_CRC_Init
                0x080214c4       0x2c ./Core/Src/crc.o
                0x080214c4                MX_CRC_Init
 .text.HAL_CRC_MspInit
                0x080214f0       0x30 ./Core/Src/crc.o
                0x080214f0                HAL_CRC_MspInit
 .text.MX_GPDMA1_Init
                0x08021520       0x48 ./Core/Src/gpdma.o
                0x08021520                MX_GPDMA1_Init
 .text.MX_GPIO_Init
                0x08021568      0x168 ./Core/Src/gpio.o
                0x08021568                MX_GPIO_Init
 .text.MX_GTZC_Init
                0x080216d0        0x2 ./Core/Src/gtzc.o
                0x080216d0                MX_GTZC_Init
 *fill*         0x080216d2        0x2 
 .text.MX_I2C3_Init
                0x080216d4       0x58 ./Core/Src/i2c.o
                0x080216d4                MX_I2C3_Init
 .text.HAL_I2C_MspInit
                0x0802172c       0xcc ./Core/Src/i2c.o
                0x0802172c                HAL_I2C_MspInit
 .text.MX_ICACHE_Init
                0x080217f8       0x12 ./Core/Src/icache.o
                0x080217f8                MX_ICACHE_Init
 *fill*         0x0802180a        0x2 
 .text.MX_IWDG_Init
                0x0802180c       0x30 ./Core/Src/iwdg.o
                0x0802180c                MX_IWDG_Init
 .text.SystemClock_Config
                0x0802183c       0xa8 ./Core/Src/main.o
                0x0802183c                SystemClock_Config
 .text.startup.main
                0x080218e4       0x40 ./Core/Src/main.o
                0x080218e4                main
 .text.Error_Handler
                0x08021924        0x4 ./Core/Src/main.o
                0x08021924                Error_Handler
 .text.HAL_MspInit
                0x08021928       0x1a ./Core/Src/stm32h5xx_hal_msp.o
                0x08021928                HAL_MspInit
 .text.NMI_Handler
                0x08021942        0x8 ./Core/Src/stm32h5xx_it.o
                0x08021942                NMI_Handler
 .text.HardFault_Handler
                0x0802194a        0x2 ./Core/Src/stm32h5xx_it.o
                0x0802194a                HardFault_Handler
 .text.MemManage_Handler
                0x0802194c        0x2 ./Core/Src/stm32h5xx_it.o
                0x0802194c                MemManage_Handler
 .text.BusFault_Handler
                0x0802194e        0x2 ./Core/Src/stm32h5xx_it.o
                0x0802194e                BusFault_Handler
 .text.UsageFault_Handler
                0x08021950        0x2 ./Core/Src/stm32h5xx_it.o
                0x08021950                UsageFault_Handler
 .text.SVC_Handler
                0x08021952        0x2 ./Core/Src/stm32h5xx_it.o
                0x08021952                SVC_Handler
 .text.DebugMon_Handler
                0x08021954        0x2 ./Core/Src/stm32h5xx_it.o
                0x08021954                DebugMon_Handler
 .text.PendSV_Handler
                0x08021956        0x2 ./Core/Src/stm32h5xx_it.o
                0x08021956                PendSV_Handler
 .text.SysTick_Handler
                0x08021958        0x4 ./Core/Src/stm32h5xx_it.o
                0x08021958                SysTick_Handler
 .text.RCC_IRQHandler
                0x0802195c        0x2 ./Core/Src/stm32h5xx_it.o
                0x0802195c                RCC_IRQHandler
 *fill*         0x0802195e        0x2 
 .text.GPDMA1_Channel6_IRQHandler
                0x08021960        0xc ./Core/Src/stm32h5xx_it.o
                0x08021960                GPDMA1_Channel6_IRQHandler
 .text.GPDMA1_Channel7_IRQHandler
                0x0802196c        0xc ./Core/Src/stm32h5xx_it.o
                0x0802196c                GPDMA1_Channel7_IRQHandler
 .text.USART1_IRQHandler
                0x08021978        0xc ./Core/Src/stm32h5xx_it.o
                0x08021978                USART1_IRQHandler
 .text._read    0x08021984       0x1c ./Core/Src/syscalls.o
                0x08021984                _read
 .text._write   0x080219a0       0x1c ./Core/Src/syscalls.o
                0x080219a0                _write
 .text._close   0x080219bc        0x6 ./Core/Src/syscalls.o
                0x080219bc                _close
 .text._fstat   0x080219c2        0xa ./Core/Src/syscalls.o
                0x080219c2                _fstat
 .text._isatty  0x080219cc        0x4 ./Core/Src/syscalls.o
                0x080219cc                _isatty
 .text._lseek   0x080219d0        0x4 ./Core/Src/syscalls.o
                0x080219d0                _lseek
 .text._sbrk    0x080219d4       0x40 ./Core/Src/sysmem.o
                0x080219d4                _sbrk
 .text.SystemInit
                0x08021a14       0x90 ./Core/Src/system_stm32h5xx.o
                0x08021a14                SystemInit
 .text.HAL_TIM_Base_MspInit
                0x08021aa4       0x30 ./Core/Src/tim.o
                0x08021aa4                HAL_TIM_Base_MspInit
 .text.HAL_TIM_MspPostInit
                0x08021ad4       0x54 ./Core/Src/tim.o
                0x08021ad4                HAL_TIM_MspPostInit
 .text.MX_TIM4_Init
                0x08021b28       0xa4 ./Core/Src/tim.o
                0x08021b28                MX_TIM4_Init
 .text.MX_USART1_UART_Init
                0x08021bcc       0x64 ./Core/Src/usart.o
                0x08021bcc                MX_USART1_UART_Init
 .text.HAL_UART_MspInit
                0x08021c30      0x164 ./Core/Src/usart.o
                0x08021c30                HAL_UART_MspInit
 .text.HAL_UART_MspDeInit
                0x08021d94       0x4c ./Core/Src/usart.o
                0x08021d94                HAL_UART_MspDeInit
 .text.Reset_Handler
                0x08021de0       0x50 ./Core/Startup/startup_stm32h562rgtx.o
                0x08021de0                Reset_Handler
 .text.Default_Handler
                0x08021e30        0x2 ./Core/Startup/startup_stm32h562rgtx.o
                0x08021e30                EXTI2_IRQHandler
                0x08021e30                TIM8_TRG_COM_IRQHandler
                0x08021e30                TIM8_CC_IRQHandler
                0x08021e30                EXTI5_IRQHandler
                0x08021e30                I3C1_ER_IRQHandler
                0x08021e30                UART8_IRQHandler
                0x08021e30                SPI4_IRQHandler
                0x08021e30                GPDMA2_Channel1_IRQHandler
                0x08021e30                FLASH_S_IRQHandler
                0x08021e30                EXTI13_IRQHandler
                0x08021e30                TIM1_CC_IRQHandler
                0x08021e30                GPDMA2_Channel3_IRQHandler
                0x08021e30                TAMP_IRQHandler
                0x08021e30                TIM6_IRQHandler
                0x08021e30                EXTI12_IRQHandler
                0x08021e30                CORDIC_IRQHandler
                0x08021e30                USB_DRD_FS_IRQHandler
                0x08021e30                EXTI3_IRQHandler
                0x08021e30                LPTIM4_IRQHandler
                0x08021e30                GPDMA1_Channel5_IRQHandler
                0x08021e30                EXTI8_IRQHandler
                0x08021e30                GPDMA2_Channel5_IRQHandler
                0x08021e30                LPTIM2_IRQHandler
                0x08021e30                I2C3_ER_IRQHandler
                0x08021e30                GPDMA2_Channel2_IRQHandler
                0x08021e30                USART10_IRQHandler
                0x08021e30                LPTIM3_IRQHandler
                0x08021e30                EXTI0_IRQHandler
                0x08021e30                I2C2_EV_IRQHandler
                0x08021e30                FPU_IRQHandler
                0x08021e30                GPDMA1_Channel3_IRQHandler
                0x08021e30                FDCAN1_IT1_IRQHandler
                0x08021e30                RAMCFG_IRQHandler
                0x08021e30                DCACHE1_IRQHandler
                0x08021e30                SPI1_IRQHandler
                0x08021e30                OCTOSPI1_IRQHandler
                0x08021e30                GPDMA1_Channel2_IRQHandler
                0x08021e30                TIM8_UP_IRQHandler
                0x08021e30                RCC_S_IRQHandler
                0x08021e30                SAI2_IRQHandler
                0x08021e30                ADC1_IRQHandler
                0x08021e30                USART6_IRQHandler
                0x08021e30                EXTI15_IRQHandler
                0x08021e30                TIM17_IRQHandler
                0x08021e30                USART3_IRQHandler
                0x08021e30                RTC_IRQHandler
                0x08021e30                EXTI9_IRQHandler
                0x08021e30                LPTIM5_IRQHandler
                0x08021e30                UART5_IRQHandler
                0x08021e30                TIM4_IRQHandler
                0x08021e30                I2C1_EV_IRQHandler
                0x08021e30                GPDMA1_Channel1_IRQHandler
                0x08021e30                TIM16_IRQHandler
                0x08021e30                UART4_IRQHandler
                0x08021e30                SecureFault_Handler
                0x08021e30                TIM3_IRQHandler
                0x08021e30                UART9_IRQHandler
                0x08021e30                TIM1_TRG_COM_IRQHandler
                0x08021e30                Default_Handler
                0x08021e30                FMAC_IRQHandler
                0x08021e30                CEC_IRQHandler
                0x08021e30                USART11_IRQHandler
                0x08021e30                TIM14_IRQHandler
                0x08021e30                TIM13_IRQHandler
                0x08021e30                GPDMA2_Channel4_IRQHandler
                0x08021e30                SPI5_IRQHandler
                0x08021e30                TIM12_IRQHandler
                0x08021e30                TIM7_IRQHandler
                0x08021e30                SDMMC1_IRQHandler
                0x08021e30                TIM5_IRQHandler
                0x08021e30                UCPD1_IRQHandler
                0x08021e30                GPDMA1_Channel0_IRQHandler
                0x08021e30                I3C1_EV_IRQHandler
                0x08021e30                TIM15_IRQHandler
                0x08021e30                PVD_AVD_IRQHandler
                0x08021e30                I2C3_EV_IRQHandler
                0x08021e30                ADC2_IRQHandler
                0x08021e30                SPI2_IRQHandler
                0x08021e30                EXTI14_IRQHandler
                0x08021e30                EXTI11_IRQHandler
                0x08021e30                CRS_IRQHandler
                0x08021e30                EXTI4_IRQHandler
                0x08021e30                GPDMA2_Channel0_IRQHandler
                0x08021e30                RTC_S_IRQHandler
                0x08021e30                RNG_IRQHandler
                0x08021e30                GPDMA2_Channel6_IRQHandler
                0x08021e30                TIM1_UP_IRQHandler
                0x08021e30                UART12_IRQHandler
                0x08021e30                WWDG_IRQHandler
                0x08021e30                SPI6_IRQHandler
                0x08021e30                I2C4_EV_IRQHandler
                0x08021e30                IWDG_IRQHandler
                0x08021e30                LPUART1_IRQHandler
                0x08021e30                FDCAN1_IT0_IRQHandler
                0x08021e30                TIM2_IRQHandler
                0x08021e30                GPDMA1_Channel4_IRQHandler
                0x08021e30                EXTI7_IRQHandler
                0x08021e30                TIM1_BRK_IRQHandler
                0x08021e30                EXTI1_IRQHandler
                0x08021e30                LPTIM6_IRQHandler
                0x08021e30                DAC1_IRQHandler
                0x08021e30                DTS_IRQHandler
                0x08021e30                UART7_IRQHandler
                0x08021e30                GTZC_IRQHandler
                0x08021e30                USART2_IRQHandler
                0x08021e30                GPDMA2_Channel7_IRQHandler
                0x08021e30                I2C2_ER_IRQHandler
                0x08021e30                TIM8_BRK_IRQHandler
                0x08021e30                FLASH_IRQHandler
                0x08021e30                EXTI10_IRQHandler
                0x08021e30                SPI3_IRQHandler
                0x08021e30                I2C1_ER_IRQHandler
                0x08021e30                FMC_IRQHandler
                0x08021e30                EXTI6_IRQHandler
                0x08021e30                LPTIM1_IRQHandler
                0x08021e30                DCMI_PSSI_IRQHandler
                0x08021e30                I2C4_ER_IRQHandler
                0x08021e30                ICACHE_IRQHandler
                0x08021e30                SAI1_IRQHandler
                0x08021e30                HASH_IRQHandler
 *fill*         0x08021e32        0x2 
 .text.HAL_InitTick
                0x08021e34       0x90 ./Drivers/STM32H5xx_HAL_Driver/Src/stm32h5xx_hal.o
                0x08021e34                HAL_InitTick
 .text.HAL_Init
                0x08021ec4       0x48 ./Drivers/STM32H5xx_HAL_Driver/Src/stm32h5xx_hal.o
                0x08021ec4                HAL_Init
 .text.HAL_IncTick
                0x08021f0c       0x18 ./Drivers/STM32H5xx_HAL_Driver/Src/stm32h5xx_hal.o
                0x08021f0c                HAL_IncTick
 .text.HAL_GetTick
                0x08021f24        0xc ./Drivers/STM32H5xx_HAL_Driver/Src/stm32h5xx_hal.o
                0x08021f24                HAL_GetTick
 .text.HAL_Delay
                0x08021f30       0x24 ./Drivers/STM32H5xx_HAL_Driver/Src/stm32h5xx_hal.o
                0x08021f30                HAL_Delay
 .text.LL_ADC_SetChannelSamplingTime
                0x08021f54       0x20 ./Drivers/STM32H5xx_HAL_Driver/Src/stm32h5xx_hal_adc.o
 .text.LL_ADC_IsEnabled
                0x08021f74        0x8 ./Drivers/STM32H5xx_HAL_Driver/Src/stm32h5xx_hal_adc.o
 .text.LL_ADC_REG_IsConversionOngoing
                0x08021f7c        0x8 ./Drivers/STM32H5xx_HAL_Driver/Src/stm32h5xx_hal_adc.o
 .text.HAL_ADC_Init
                0x08021f84      0x1b8 ./Drivers/STM32H5xx_HAL_Driver/Src/stm32h5xx_hal_adc.o
                0x08021f84                HAL_ADC_Init
 .text.HAL_ADC_PollForConversion
                0x0802213c       0xe4 ./Drivers/STM32H5xx_HAL_Driver/Src/stm32h5xx_hal_adc.o
                0x0802213c                HAL_ADC_PollForConversion
 .text.HAL_ADC_GetValue
                0x08022220        0x6 ./Drivers/STM32H5xx_HAL_Driver/Src/stm32h5xx_hal_adc.o
                0x08022220                HAL_ADC_GetValue
 *fill*         0x08022226        0x2 
 .text.HAL_ADC_ConfigChannel
                0x08022228      0x3c4 ./Drivers/STM32H5xx_HAL_Driver/Src/stm32h5xx_hal_adc.o
                0x08022228                HAL_ADC_ConfigChannel
 .text.ADC_ConversionStop
                0x080225ec       0xcc ./Drivers/STM32H5xx_HAL_Driver/Src/stm32h5xx_hal_adc.o
                0x080225ec                ADC_ConversionStop
 .text.ADC_Enable
                0x080226b8       0xb4 ./Drivers/STM32H5xx_HAL_Driver/Src/stm32h5xx_hal_adc.o
                0x080226b8                ADC_Enable
 .text.HAL_ADC_Start
                0x0802276c       0xe0 ./Drivers/STM32H5xx_HAL_Driver/Src/stm32h5xx_hal_adc.o
                0x0802276c                HAL_ADC_Start
 .text.ADC_Disable
                0x0802284c       0x6a ./Drivers/STM32H5xx_HAL_Driver/Src/stm32h5xx_hal_adc.o
                0x0802284c                ADC_Disable
 .text.HAL_ADC_Stop
                0x080228b6       0x3e ./Drivers/STM32H5xx_HAL_Driver/Src/stm32h5xx_hal_adc.o
                0x080228b6                HAL_ADC_Stop
 .text.HAL_ADCEx_Calibration_Start
                0x080228f4       0x98 ./Drivers/STM32H5xx_HAL_Driver/Src/stm32h5xx_hal_adc_ex.o
                0x080228f4                HAL_ADCEx_Calibration_Start
 .text.HAL_NVIC_SetPriorityGrouping
                0x0802298c       0x24 ./Drivers/STM32H5xx_HAL_Driver/Src/stm32h5xx_hal_cortex.o
                0x0802298c                HAL_NVIC_SetPriorityGrouping
 .text.HAL_NVIC_SetPriority
                0x080229b0       0x60 ./Drivers/STM32H5xx_HAL_Driver/Src/stm32h5xx_hal_cortex.o
                0x080229b0                HAL_NVIC_SetPriority
 .text.HAL_NVIC_EnableIRQ
                0x08022a10       0x1c ./Drivers/STM32H5xx_HAL_Driver/Src/stm32h5xx_hal_cortex.o
                0x08022a10                HAL_NVIC_EnableIRQ
 .text.HAL_NVIC_DisableIRQ
                0x08022a2c       0x24 ./Drivers/STM32H5xx_HAL_Driver/Src/stm32h5xx_hal_cortex.o
                0x08022a2c                HAL_NVIC_DisableIRQ
 .text.HAL_SYSTICK_Config
                0x08022a50       0x20 ./Drivers/STM32H5xx_HAL_Driver/Src/stm32h5xx_hal_cortex.o
                0x08022a50                HAL_SYSTICK_Config
 .text.HAL_SYSTICK_CLKSourceConfig
                0x08022a70       0x74 ./Drivers/STM32H5xx_HAL_Driver/Src/stm32h5xx_hal_cortex.o
                0x08022a70                HAL_SYSTICK_CLKSourceConfig
 .text.HAL_SYSTICK_GetCLKSourceConfig
                0x08022ae4       0x30 ./Drivers/STM32H5xx_HAL_Driver/Src/stm32h5xx_hal_cortex.o
                0x08022ae4                HAL_SYSTICK_GetCLKSourceConfig
 .text.CRC_Handle_8
                0x08022b14       0x5c ./Drivers/STM32H5xx_HAL_Driver/Src/stm32h5xx_hal_crc.o
 .text.CRC_Handle_16
                0x08022b70       0x2e ./Drivers/STM32H5xx_HAL_Driver/Src/stm32h5xx_hal_crc.o
 *fill*         0x08022b9e        0x2 
 .text.HAL_CRC_Init
                0x08022ba0       0x74 ./Drivers/STM32H5xx_HAL_Driver/Src/stm32h5xx_hal_crc.o
                0x08022ba0                HAL_CRC_Init
 .text.HAL_CRC_Calculate
                0x08022c14       0x48 ./Drivers/STM32H5xx_HAL_Driver/Src/stm32h5xx_hal_crc.o
                0x08022c14                HAL_CRC_Calculate
 .text.HAL_CRCEx_Polynomial_Set
                0x08022c5c       0x4e ./Drivers/STM32H5xx_HAL_Driver/Src/stm32h5xx_hal_crc_ex.o
                0x08022c5c                HAL_CRCEx_Polynomial_Set
 *fill*         0x08022caa        0x2 
 .text.HAL_DMA_Init
                0x08022cac      0x380 ./Drivers/STM32H5xx_HAL_Driver/Src/stm32h5xx_hal_dma.o
                0x08022cac                HAL_DMA_Init
 .text.HAL_DMA_DeInit
                0x0802302c       0xe0 ./Drivers/STM32H5xx_HAL_Driver/Src/stm32h5xx_hal_dma.o
                0x0802302c                HAL_DMA_DeInit
 .text.HAL_DMA_Start_IT
                0x0802310c       0x7a ./Drivers/STM32H5xx_HAL_Driver/Src/stm32h5xx_hal_dma.o
                0x0802310c                HAL_DMA_Start_IT
 .text.HAL_DMA_Abort
                0x08023186       0x94 ./Drivers/STM32H5xx_HAL_Driver/Src/stm32h5xx_hal_dma.o
                0x08023186                HAL_DMA_Abort
 .text.HAL_DMA_Abort_IT
                0x0802321a       0x2a ./Drivers/STM32H5xx_HAL_Driver/Src/stm32h5xx_hal_dma.o
                0x0802321a                HAL_DMA_Abort_IT
 .text.HAL_DMA_IRQHandler
                0x08023244      0x17e ./Drivers/STM32H5xx_HAL_Driver/Src/stm32h5xx_hal_dma.o
                0x08023244                HAL_DMA_IRQHandler
 .text.HAL_DMA_GetError
                0x080233c2        0x4 ./Drivers/STM32H5xx_HAL_Driver/Src/stm32h5xx_hal_dma.o
                0x080233c2                HAL_DMA_GetError
 .text.HAL_DMA_ConfigChannelAttributes
                0x080233c6       0x3c ./Drivers/STM32H5xx_HAL_Driver/Src/stm32h5xx_hal_dma.o
                0x080233c6                HAL_DMA_ConfigChannelAttributes
 *fill*         0x08023402        0x2 
 .text.DMA_List_GetCLLRNodeInfo.isra.0
                0x08023404       0x28 ./Drivers/STM32H5xx_HAL_Driver/Src/stm32h5xx_hal_dma_ex.o
 .text.HAL_DMAEx_List_Start_IT
                0x0802342c       0xa8 ./Drivers/STM32H5xx_HAL_Driver/Src/stm32h5xx_hal_dma_ex.o
                0x0802342c                HAL_DMAEx_List_Start_IT
 .text.FLASH_Program_QuadWord
                0x080234d4       0x28 ./Drivers/STM32H5xx_HAL_Driver/Src/stm32h5xx_hal_flash.o
 .text.FLASH_Program_QuadWord_OBK
                0x080234fc       0x3c ./Drivers/STM32H5xx_HAL_Driver/Src/stm32h5xx_hal_flash.o
 .text.HAL_FLASH_Unlock
                0x08023538       0x24 ./Drivers/STM32H5xx_HAL_Driver/Src/stm32h5xx_hal_flash.o
                0x08023538                HAL_FLASH_Unlock
 .text.HAL_FLASH_Lock
                0x0802355c       0x18 ./Drivers/STM32H5xx_HAL_Driver/Src/stm32h5xx_hal_flash.o
                0x0802355c                HAL_FLASH_Lock
 .text.FLASH_WaitForLastOperation
                0x08023574       0x58 ./Drivers/STM32H5xx_HAL_Driver/Src/stm32h5xx_hal_flash.o
                0x08023574                FLASH_WaitForLastOperation
 .text.HAL_FLASH_Program
                0x080235cc       0xac ./Drivers/STM32H5xx_HAL_Driver/Src/stm32h5xx_hal_flash.o
                0x080235cc                HAL_FLASH_Program
 .text.FLASH_MassErase
                0x08023678       0x44 ./Drivers/STM32H5xx_HAL_Driver/Src/stm32h5xx_hal_flash_ex.o
 .text.FLASH_Erase_Sector
                0x080236bc       0x38 ./Drivers/STM32H5xx_HAL_Driver/Src/stm32h5xx_hal_flash_ex.o
                0x080236bc                FLASH_Erase_Sector
 .text.HAL_FLASHEx_Erase
                0x080236f4       0xb0 ./Drivers/STM32H5xx_HAL_Driver/Src/stm32h5xx_hal_flash_ex.o
                0x080236f4                HAL_FLASHEx_Erase
 .text.HAL_GPIO_Init
                0x080237a4      0x150 ./Drivers/STM32H5xx_HAL_Driver/Src/stm32h5xx_hal_gpio.o
                0x080237a4                HAL_GPIO_Init
 .text.HAL_GPIO_DeInit
                0x080238f4       0xd0 ./Drivers/STM32H5xx_HAL_Driver/Src/stm32h5xx_hal_gpio.o
                0x080238f4                HAL_GPIO_DeInit
 .text.HAL_GPIO_ReadPin
                0x080239c4        0xc ./Drivers/STM32H5xx_HAL_Driver/Src/stm32h5xx_hal_gpio.o
                0x080239c4                HAL_GPIO_ReadPin
 .text.HAL_GPIO_WritePin
                0x080239d0        0xa ./Drivers/STM32H5xx_HAL_Driver/Src/stm32h5xx_hal_gpio.o
                0x080239d0                HAL_GPIO_WritePin
 .text.HAL_GPIO_TogglePin
                0x080239da       0x12 ./Drivers/STM32H5xx_HAL_Driver/Src/stm32h5xx_hal_gpio.o
                0x080239da                HAL_GPIO_TogglePin
 .text.I2C_Flush_TXDR
                0x080239ec       0x1c ./Drivers/STM32H5xx_HAL_Driver/Src/stm32h5xx_hal_i2c.o
 .text.I2C_TransferConfig
                0x08023a08       0x2c ./Drivers/STM32H5xx_HAL_Driver/Src/stm32h5xx_hal_i2c.o
 .text.I2C_IsErrorOccurred
                0x08023a34      0x100 ./Drivers/STM32H5xx_HAL_Driver/Src/stm32h5xx_hal_i2c.o
 .text.I2C_WaitOnTXISFlagUntilTimeout
                0x08023b34       0x56 ./Drivers/STM32H5xx_HAL_Driver/Src/stm32h5xx_hal_i2c.o
 .text.I2C_WaitOnFlagUntilTimeout
                0x08023b8a       0x76 ./Drivers/STM32H5xx_HAL_Driver/Src/stm32h5xx_hal_i2c.o
 .text.I2C_WaitOnSTOPFlagUntilTimeout
                0x08023c00       0x52 ./Drivers/STM32H5xx_HAL_Driver/Src/stm32h5xx_hal_i2c.o
 .text.HAL_I2C_Init
                0x08023c52       0xaa ./Drivers/STM32H5xx_HAL_Driver/Src/stm32h5xx_hal_i2c.o
                0x08023c52                HAL_I2C_Init
 .text.HAL_I2C_Mem_Write
                0x08023cfc      0x1b4 ./Drivers/STM32H5xx_HAL_Driver/Src/stm32h5xx_hal_i2c.o
                0x08023cfc                HAL_I2C_Mem_Write
 .text.HAL_I2C_Mem_Read
                0x08023eb0      0x1bc ./Drivers/STM32H5xx_HAL_Driver/Src/stm32h5xx_hal_i2c.o
                0x08023eb0                HAL_I2C_Mem_Read
 .text.HAL_I2C_IsDeviceReady
                0x0802406c      0x10e ./Drivers/STM32H5xx_HAL_Driver/Src/stm32h5xx_hal_i2c.o
                0x0802406c                HAL_I2C_IsDeviceReady
 .text.HAL_I2CEx_ConfigAnalogFilter
                0x0802417a       0x4c ./Drivers/STM32H5xx_HAL_Driver/Src/stm32h5xx_hal_i2c_ex.o
                0x0802417a                HAL_I2CEx_ConfigAnalogFilter
 .text.HAL_I2CEx_ConfigDigitalFilter
                0x080241c6       0x4a ./Drivers/STM32H5xx_HAL_Driver/Src/stm32h5xx_hal_i2c_ex.o
                0x080241c6                HAL_I2CEx_ConfigDigitalFilter
 .text.HAL_ICACHE_Enable
                0x08024210       0x14 ./Drivers/STM32H5xx_HAL_Driver/Src/stm32h5xx_hal_icache.o
                0x08024210                HAL_ICACHE_Enable
 .text.HAL_ICACHE_Disable
                0x08024224       0x38 ./Drivers/STM32H5xx_HAL_Driver/Src/stm32h5xx_hal_icache.o
                0x08024224                HAL_ICACHE_Disable
 .text.HAL_IWDG_MspInit
                0x0802425c        0x2 ./Drivers/STM32H5xx_HAL_Driver/Src/stm32h5xx_hal_iwdg.o
                0x0802425c                HAL_IWDG_MspInit
 .text.HAL_IWDG_Init
                0x0802425e       0x92 ./Drivers/STM32H5xx_HAL_Driver/Src/stm32h5xx_hal_iwdg.o
                0x0802425e                HAL_IWDG_Init
 .text.HAL_IWDG_Refresh
                0x080242f0        0xc ./Drivers/STM32H5xx_HAL_Driver/Src/stm32h5xx_hal_iwdg.o
                0x080242f0                HAL_IWDG_Refresh
 .text.HAL_PWREx_DisableUCPDDeadBattery
                0x080242fc       0x10 ./Drivers/STM32H5xx_HAL_Driver/Src/stm32h5xx_hal_pwr_ex.o
                0x080242fc                HAL_PWREx_DisableUCPDDeadBattery
 .text.HAL_RCC_GetSysClockFreq
                0x0802430c      0x158 ./Drivers/STM32H5xx_HAL_Driver/Src/stm32h5xx_hal_rcc.o
                0x0802430c                HAL_RCC_GetSysClockFreq
 .text.HAL_RCC_ClockConfig
                0x08024464      0x240 ./Drivers/STM32H5xx_HAL_Driver/Src/stm32h5xx_hal_rcc.o
                0x08024464                HAL_RCC_ClockConfig
 .text.HAL_RCC_GetHCLKFreq
                0x080246a4       0x2c ./Drivers/STM32H5xx_HAL_Driver/Src/stm32h5xx_hal_rcc.o
                0x080246a4                HAL_RCC_GetHCLKFreq
 .text.HAL_RCC_OscConfig
                0x080246d0      0x568 ./Drivers/STM32H5xx_HAL_Driver/Src/stm32h5xx_hal_rcc.o
                0x080246d0                HAL_RCC_OscConfig
 .text.HAL_RCC_GetPCLK1Freq
                0x08024c38       0x24 ./Drivers/STM32H5xx_HAL_Driver/Src/stm32h5xx_hal_rcc.o
                0x08024c38                HAL_RCC_GetPCLK1Freq
 .text.HAL_RCC_GetPCLK2Freq
                0x08024c5c       0x24 ./Drivers/STM32H5xx_HAL_Driver/Src/stm32h5xx_hal_rcc.o
                0x08024c5c                HAL_RCC_GetPCLK2Freq
 .text.HAL_RCC_GetPCLK3Freq
                0x08024c80       0x24 ./Drivers/STM32H5xx_HAL_Driver/Src/stm32h5xx_hal_rcc.o
                0x08024c80                HAL_RCC_GetPCLK3Freq
 .text.HAL_RCC_EnableCSS
                0x08024ca4       0x10 ./Drivers/STM32H5xx_HAL_Driver/Src/stm32h5xx_hal_rcc.o
                0x08024ca4                HAL_RCC_EnableCSS
 .text.HAL_RCC_NMI_IRQHandler
                0x08024cb4       0x1c ./Drivers/STM32H5xx_HAL_Driver/Src/stm32h5xx_hal_rcc.o
                0x08024cb4                HAL_RCC_NMI_IRQHandler
 .text.RCCEx_PLL2_Config
                0x08024cd0       0xd4 ./Drivers/STM32H5xx_HAL_Driver/Src/stm32h5xx_hal_rcc_ex.o
 .text.RCCEx_PLL3_Config
                0x08024da4       0xd4 ./Drivers/STM32H5xx_HAL_Driver/Src/stm32h5xx_hal_rcc_ex.o
 .text.HAL_RCCEx_PeriphCLKConfig
                0x08024e78      0xf9c ./Drivers/STM32H5xx_HAL_Driver/Src/stm32h5xx_hal_rcc_ex.o
                0x08024e78                HAL_RCCEx_PeriphCLKConfig
 .text.HAL_RCCEx_GetPLL1ClockFreq
                0x08025e14      0x13c ./Drivers/STM32H5xx_HAL_Driver/Src/stm32h5xx_hal_rcc_ex.o
                0x08025e14                HAL_RCCEx_GetPLL1ClockFreq
 .text.HAL_RCCEx_GetPLL2ClockFreq
                0x08025f50      0x13c ./Drivers/STM32H5xx_HAL_Driver/Src/stm32h5xx_hal_rcc_ex.o
                0x08025f50                HAL_RCCEx_GetPLL2ClockFreq
 .text.HAL_RCCEx_GetPLL3ClockFreq
                0x0802608c      0x13c ./Drivers/STM32H5xx_HAL_Driver/Src/stm32h5xx_hal_rcc_ex.o
                0x0802608c                HAL_RCCEx_GetPLL3ClockFreq
 .text.HAL_RCCEx_GetPeriphCLKFreq
                0x080261c8     0x14e4 ./Drivers/STM32H5xx_HAL_Driver/Src/stm32h5xx_hal_rcc_ex.o
                0x080261c8                HAL_RCCEx_GetPeriphCLKFreq
 .text.TIM_OC1_SetConfig
                0x080276ac       0xa4 ./Drivers/STM32H5xx_HAL_Driver/Src/stm32h5xx_hal_tim.o
 .text.TIM_OC3_SetConfig
                0x08027750       0xac ./Drivers/STM32H5xx_HAL_Driver/Src/stm32h5xx_hal_tim.o
 .text.TIM_OC4_SetConfig
                0x080277fc       0xac ./Drivers/STM32H5xx_HAL_Driver/Src/stm32h5xx_hal_tim.o
 .text.TIM_OC5_SetConfig
                0x080278a8       0x98 ./Drivers/STM32H5xx_HAL_Driver/Src/stm32h5xx_hal_tim.o
 .text.TIM_OC6_SetConfig
                0x08027940       0x98 ./Drivers/STM32H5xx_HAL_Driver/Src/stm32h5xx_hal_tim.o
 .text.HAL_TIM_PWM_MspInit
                0x080279d8        0x2 ./Drivers/STM32H5xx_HAL_Driver/Src/stm32h5xx_hal_tim.o
                0x080279d8                HAL_TIM_PWM_MspInit
 .text.HAL_TIM_PeriodElapsedCallback
                0x080279da        0x2 ./Drivers/STM32H5xx_HAL_Driver/Src/stm32h5xx_hal_tim.o
                0x080279da                HAL_TIM_PeriodElapsedCallback
 .text.HAL_TIM_PeriodElapsedHalfCpltCallback
                0x080279dc        0x2 ./Drivers/STM32H5xx_HAL_Driver/Src/stm32h5xx_hal_tim.o
                0x080279dc                HAL_TIM_PeriodElapsedHalfCpltCallback
 .text.HAL_TIM_OC_DelayElapsedCallback
                0x080279de        0x2 ./Drivers/STM32H5xx_HAL_Driver/Src/stm32h5xx_hal_tim.o
                0x080279de                HAL_TIM_OC_DelayElapsedCallback
 .text.HAL_TIM_IC_CaptureCallback
                0x080279e0        0x2 ./Drivers/STM32H5xx_HAL_Driver/Src/stm32h5xx_hal_tim.o
                0x080279e0                HAL_TIM_IC_CaptureCallback
 .text.HAL_TIM_IC_CaptureHalfCpltCallback
                0x080279e2        0x2 ./Drivers/STM32H5xx_HAL_Driver/Src/stm32h5xx_hal_tim.o
                0x080279e2                HAL_TIM_IC_CaptureHalfCpltCallback
 .text.HAL_TIM_PWM_PulseFinishedCallback
                0x080279e4        0x2 ./Drivers/STM32H5xx_HAL_Driver/Src/stm32h5xx_hal_tim.o
                0x080279e4                HAL_TIM_PWM_PulseFinishedCallback
 .text.HAL_TIM_PWM_PulseFinishedHalfCpltCallback
                0x080279e6        0x2 ./Drivers/STM32H5xx_HAL_Driver/Src/stm32h5xx_hal_tim.o
                0x080279e6                HAL_TIM_PWM_PulseFinishedHalfCpltCallback
 .text.HAL_TIM_TriggerCallback
                0x080279e8        0x2 ./Drivers/STM32H5xx_HAL_Driver/Src/stm32h5xx_hal_tim.o
                0x080279e8                HAL_TIM_TriggerCallback
 .text.HAL_TIM_TriggerHalfCpltCallback
                0x080279ea        0x2 ./Drivers/STM32H5xx_HAL_Driver/Src/stm32h5xx_hal_tim.o
                0x080279ea                HAL_TIM_TriggerHalfCpltCallback
 .text.HAL_TIM_ErrorCallback
                0x080279ec        0x2 ./Drivers/STM32H5xx_HAL_Driver/Src/stm32h5xx_hal_tim.o
                0x080279ec                HAL_TIM_ErrorCallback
 *fill*         0x080279ee        0x2 
 .text.TIM_Base_SetConfig
                0x080279f0      0x158 ./Drivers/STM32H5xx_HAL_Driver/Src/stm32h5xx_hal_tim.o
                0x080279f0                TIM_Base_SetConfig
 .text.TIM_OC2_SetConfig
                0x08027b48       0xac ./Drivers/STM32H5xx_HAL_Driver/Src/stm32h5xx_hal_tim.o
                0x08027b48                TIM_OC2_SetConfig
 .text.HAL_TIM_PWM_ConfigChannel
                0x08027bf4       0xf8 ./Drivers/STM32H5xx_HAL_Driver/Src/stm32h5xx_hal_tim.o
                0x08027bf4                HAL_TIM_PWM_ConfigChannel
 .text.TIM_ETR_SetConfig
                0x08027cec       0x14 ./Drivers/STM32H5xx_HAL_Driver/Src/stm32h5xx_hal_tim.o
                0x08027cec                TIM_ETR_SetConfig
 .text.HAL_TIM_ConfigClockSource
                0x08027d00      0x198 ./Drivers/STM32H5xx_HAL_Driver/Src/stm32h5xx_hal_tim.o
                0x08027d00                HAL_TIM_ConfigClockSource
 .text.TIM_CCxChannelCmd
                0x08027e98       0x1c ./Drivers/STM32H5xx_HAL_Driver/Src/stm32h5xx_hal_tim.o
                0x08027e98                TIM_CCxChannelCmd
 .text.HAL_TIM_OC_Start
                0x08027eb4      0x190 ./Drivers/STM32H5xx_HAL_Driver/Src/stm32h5xx_hal_tim.o
                0x08027eb4                HAL_TIM_OC_Start
 .text.HAL_TIM_PWM_Start
                0x08028044        0x4 ./Drivers/STM32H5xx_HAL_Driver/Src/stm32h5xx_hal_tim.o
                0x08028044                HAL_TIM_PWM_Start
 .text.TIM_ResetCallback
                0x08028048       0xb8 ./Drivers/STM32H5xx_HAL_Driver/Src/stm32h5xx_hal_tim.o
                0x08028048                TIM_ResetCallback
 .text.HAL_TIM_Base_Init
                0x08028100       0x74 ./Drivers/STM32H5xx_HAL_Driver/Src/stm32h5xx_hal_tim.o
                0x08028100                HAL_TIM_Base_Init
 .text.HAL_TIM_PWM_Init
                0x08028174       0x74 ./Drivers/STM32H5xx_HAL_Driver/Src/stm32h5xx_hal_tim.o
                0x08028174                HAL_TIM_PWM_Init
 .text.HAL_TIMEx_MasterConfigSynchronization
                0x080281e8       0xf0 ./Drivers/STM32H5xx_HAL_Driver/Src/stm32h5xx_hal_tim_ex.o
                0x080281e8                HAL_TIMEx_MasterConfigSynchronization
 .text.HAL_TIMEx_CommutCallback
                0x080282d8        0x2 ./Drivers/STM32H5xx_HAL_Driver/Src/stm32h5xx_hal_tim_ex.o
                0x080282d8                HAL_TIMEx_CommutCallback
 .text.HAL_TIMEx_CommutHalfCpltCallback
                0x080282da        0x2 ./Drivers/STM32H5xx_HAL_Driver/Src/stm32h5xx_hal_tim_ex.o
                0x080282da                HAL_TIMEx_CommutHalfCpltCallback
 .text.HAL_TIMEx_BreakCallback
                0x080282dc        0x2 ./Drivers/STM32H5xx_HAL_Driver/Src/stm32h5xx_hal_tim_ex.o
                0x080282dc                HAL_TIMEx_BreakCallback
 .text.HAL_TIMEx_Break2Callback
                0x080282de        0x2 ./Drivers/STM32H5xx_HAL_Driver/Src/stm32h5xx_hal_tim_ex.o
                0x080282de                HAL_TIMEx_Break2Callback
 .text.HAL_TIMEx_EncoderIndexCallback
                0x080282e0        0x2 ./Drivers/STM32H5xx_HAL_Driver/Src/stm32h5xx_hal_tim_ex.o
                0x080282e0                HAL_TIMEx_EncoderIndexCallback
 .text.HAL_TIMEx_DirectionChangeCallback
                0x080282e2        0x2 ./Drivers/STM32H5xx_HAL_Driver/Src/stm32h5xx_hal_tim_ex.o
                0x080282e2                HAL_TIMEx_DirectionChangeCallback
 .text.HAL_TIMEx_IndexErrorCallback
                0x080282e4        0x2 ./Drivers/STM32H5xx_HAL_Driver/Src/stm32h5xx_hal_tim_ex.o
                0x080282e4                HAL_TIMEx_IndexErrorCallback
 .text.HAL_TIMEx_TransitionErrorCallback
                0x080282e6        0x2 ./Drivers/STM32H5xx_HAL_Driver/Src/stm32h5xx_hal_tim_ex.o
                0x080282e6                HAL_TIMEx_TransitionErrorCallback
 .text.HAL_UARTEx_RxEventCallback
                0x080282e8        0x2 ./Drivers/STM32H5xx_HAL_Driver/Src/stm32h5xx_hal_uart.o
                0x080282e8                HAL_UARTEx_RxEventCallback
 .text.UART_EndTxTransfer
                0x080282ea       0x34 ./Drivers/STM32H5xx_HAL_Driver/Src/stm32h5xx_hal_uart.o
 *fill*         0x0802831e        0x2 
 .text.UART_EndRxTransfer
                0x08028320       0x58 ./Drivers/STM32H5xx_HAL_Driver/Src/stm32h5xx_hal_uart.o
 .text.UART_DMATransmitCplt
                0x08028378       0x2a ./Drivers/STM32H5xx_HAL_Driver/Src/stm32h5xx_hal_uart.o
 .text.UART_DMATxHalfCplt
                0x080283a2        0x8 ./Drivers/STM32H5xx_HAL_Driver/Src/stm32h5xx_hal_uart.o
 .text.UART_DMAReceiveCplt
                0x080283aa       0x96 ./Drivers/STM32H5xx_HAL_Driver/Src/stm32h5xx_hal_uart.o
 .text.UART_DMARxHalfCplt
                0x08028440       0x3a ./Drivers/STM32H5xx_HAL_Driver/Src/stm32h5xx_hal_uart.o
 .text.UART_DMAError
                0x0802847a       0x4c ./Drivers/STM32H5xx_HAL_Driver/Src/stm32h5xx_hal_uart.o
 .text.UART_DMAAbortOnError
                0x080284c6        0xe ./Drivers/STM32H5xx_HAL_Driver/Src/stm32h5xx_hal_uart.o
 .text.HAL_UART_AbortReceiveCpltCallback
                0x080284d4        0x2 ./Drivers/STM32H5xx_HAL_Driver/Src/stm32h5xx_hal_uart.o
                0x080284d4                HAL_UART_AbortReceiveCpltCallback
 .text.HAL_UART_TxCpltCallback
                0x080284d6        0x2 ./Drivers/STM32H5xx_HAL_Driver/Src/stm32h5xx_hal_uart.o
                0x080284d6                HAL_UART_TxCpltCallback
 .text.HAL_UART_TxHalfCpltCallback
                0x080284d8        0x2 ./Drivers/STM32H5xx_HAL_Driver/Src/stm32h5xx_hal_uart.o
                0x080284d8                HAL_UART_TxHalfCpltCallback
 .text.HAL_UART_RxCpltCallback
                0x080284da        0x2 ./Drivers/STM32H5xx_HAL_Driver/Src/stm32h5xx_hal_uart.o
                0x080284da                HAL_UART_RxCpltCallback
 .text.HAL_UART_RxHalfCpltCallback
                0x080284dc        0x2 ./Drivers/STM32H5xx_HAL_Driver/Src/stm32h5xx_hal_uart.o
                0x080284dc                HAL_UART_RxHalfCpltCallback
 .text.HAL_UART_ErrorCallback
                0x080284de        0x2 ./Drivers/STM32H5xx_HAL_Driver/Src/stm32h5xx_hal_uart.o
                0x080284de                HAL_UART_ErrorCallback
 .text.HAL_UART_AbortCpltCallback
                0x080284e0        0x2 ./Drivers/STM32H5xx_HAL_Driver/Src/stm32h5xx_hal_uart.o
                0x080284e0                HAL_UART_AbortCpltCallback
 .text.HAL_UART_AbortTransmitCpltCallback
                0x080284e2        0x2 ./Drivers/STM32H5xx_HAL_Driver/Src/stm32h5xx_hal_uart.o
                0x080284e2                HAL_UART_AbortTransmitCpltCallback
 .text.HAL_UART_RegisterCallback
                0x080284e4       0x90 ./Drivers/STM32H5xx_HAL_Driver/Src/stm32h5xx_hal_uart.o
                0x080284e4                HAL_UART_RegisterCallback
 .text.HAL_UART_UnRegisterCallback
                0x08028574       0xdc ./Drivers/STM32H5xx_HAL_Driver/Src/stm32h5xx_hal_uart.o
                0x08028574                HAL_UART_UnRegisterCallback
 .text.HAL_UART_RegisterRxEventCallback
                0x08028650       0x22 ./Drivers/STM32H5xx_HAL_Driver/Src/stm32h5xx_hal_uart.o
                0x08028650                HAL_UART_RegisterRxEventCallback
 *fill*         0x08028672        0x2 
 .text.HAL_UART_UnRegisterRxEventCallback
                0x08028674       0x28 ./Drivers/STM32H5xx_HAL_Driver/Src/stm32h5xx_hal_uart.o
                0x08028674                HAL_UART_UnRegisterRxEventCallback
 .text.HAL_UART_Transmit_DMA
                0x0802869c       0xb4 ./Drivers/STM32H5xx_HAL_Driver/Src/stm32h5xx_hal_uart.o
                0x0802869c                HAL_UART_Transmit_DMA
 .text.HAL_UART_Abort
                0x08028750       0xd0 ./Drivers/STM32H5xx_HAL_Driver/Src/stm32h5xx_hal_uart.o
                0x08028750                HAL_UART_Abort
 .text.HAL_UART_AbortTransmit
                0x08028820       0x76 ./Drivers/STM32H5xx_HAL_Driver/Src/stm32h5xx_hal_uart.o
                0x08028820                HAL_UART_AbortTransmit
 *fill*         0x08028896        0x2 
 .text.HAL_UART_IRQHandler
                0x08028898      0x2c4 ./Drivers/STM32H5xx_HAL_Driver/Src/stm32h5xx_hal_uart.o
                0x08028898                HAL_UART_IRQHandler
 .text.UART_InitCallbacksToDefault
                0x08028b5c       0x7c ./Drivers/STM32H5xx_HAL_Driver/Src/stm32h5xx_hal_uart.o
                0x08028b5c                UART_InitCallbacksToDefault
 .text.UART_SetConfig
                0x08028bd8      0x208 ./Drivers/STM32H5xx_HAL_Driver/Src/stm32h5xx_hal_uart.o
                0x08028bd8                UART_SetConfig
 .text.UART_AdvFeatureConfig
                0x08028de0       0xaa ./Drivers/STM32H5xx_HAL_Driver/Src/stm32h5xx_hal_uart.o
                0x08028de0                UART_AdvFeatureConfig
 .text.UART_WaitOnFlagUntilTimeout
                0x08028e8a       0x90 ./Drivers/STM32H5xx_HAL_Driver/Src/stm32h5xx_hal_uart.o
                0x08028e8a                UART_WaitOnFlagUntilTimeout
 .text.UART_CheckIdleState
                0x08028f1a       0xb6 ./Drivers/STM32H5xx_HAL_Driver/Src/stm32h5xx_hal_uart.o
                0x08028f1a                UART_CheckIdleState
 .text.HAL_UART_Init
                0x08028fd0       0x7c ./Drivers/STM32H5xx_HAL_Driver/Src/stm32h5xx_hal_uart.o
                0x08028fd0                HAL_UART_Init
 .text.UART_Start_Receive_DMA
                0x0802904c       0xd0 ./Drivers/STM32H5xx_HAL_Driver/Src/stm32h5xx_hal_uart.o
                0x0802904c                UART_Start_Receive_DMA
 .text.UARTEx_SetNbDataToProcess
                0x0802911c       0x44 ./Drivers/STM32H5xx_HAL_Driver/Src/stm32h5xx_hal_uart_ex.o
 .text.HAL_UARTEx_WakeupCallback
                0x08029160        0x2 ./Drivers/STM32H5xx_HAL_Driver/Src/stm32h5xx_hal_uart_ex.o
                0x08029160                HAL_UARTEx_WakeupCallback
 .text.HAL_UARTEx_RxFifoFullCallback
                0x08029162        0x2 ./Drivers/STM32H5xx_HAL_Driver/Src/stm32h5xx_hal_uart_ex.o
                0x08029162                HAL_UARTEx_RxFifoFullCallback
 .text.HAL_UARTEx_TxFifoEmptyCallback
                0x08029164        0x2 ./Drivers/STM32H5xx_HAL_Driver/Src/stm32h5xx_hal_uart_ex.o
                0x08029164                HAL_UARTEx_TxFifoEmptyCallback
 .text.HAL_UARTEx_DisableFifoMode
                0x08029166       0x36 ./Drivers/STM32H5xx_HAL_Driver/Src/stm32h5xx_hal_uart_ex.o
                0x08029166                HAL_UARTEx_DisableFifoMode
 .text.HAL_UARTEx_SetTxFifoThreshold
                0x0802919c       0x40 ./Drivers/STM32H5xx_HAL_Driver/Src/stm32h5xx_hal_uart_ex.o
                0x0802919c                HAL_UARTEx_SetTxFifoThreshold
 .text.HAL_UARTEx_SetRxFifoThreshold
                0x080291dc       0x40 ./Drivers/STM32H5xx_HAL_Driver/Src/stm32h5xx_hal_uart_ex.o
                0x080291dc                HAL_UARTEx_SetRxFifoThreshold
 .text.HAL_UARTEx_ReceiveToIdle_DMA
                0x0802921c       0x4a ./Drivers/STM32H5xx_HAL_Driver/Src/stm32h5xx_hal_uart_ex.o
                0x0802921c                HAL_UARTEx_ReceiveToIdle_DMA
 .text.gAppPreInit
                0x08029266        0x2 ./gLib/gApp/gApp.o
                0x08029266                gAppPreInit
 .text.gAppInit
                0x08029268       0x14 ./gLib/gApp/gApp.o
                0x08029268                gAppInit
 .text.gAppLoop
                0x0802927c        0xe ./gLib/gApp/gApp.o
                0x0802927c                gAppLoop
 *fill*         0x0802928a        0x2 
 .text.gVibInit
                0x0802928c       0xe4 ./gLib/gApp/gVib.o
                0x0802928c                gVibInit
 .text.gVibGetState
                0x08029370        0xc ./gLib/gApp/gVib.o
                0x08029370                gVibGetState
 .text.gVibGetConstantTrig
                0x0802937c       0x18 ./gLib/gApp/gVib.o
                0x0802937c                gVibGetConstantTrig
 .text.gVibSetConstantTrig
                0x08029394       0x10 ./gLib/gApp/gVib.o
                0x08029394                gVibSetConstantTrig
 .text.gVibGetMaxCh
                0x080293a4        0xc ./gLib/gApp/gVib.o
                0x080293a4                gVibGetMaxCh
 .text.gVibSetMaxCh
                0x080293b0       0x18 ./gLib/gApp/gVib.o
                0x080293b0                gVibSetMaxCh
 .text.gVibGetSeqLen
                0x080293c8        0xc ./gLib/gApp/gVib.o
                0x080293c8                gVibGetSeqLen
 .text.gVibSetSeqLen
                0x080293d4       0x10 ./gLib/gApp/gVib.o
                0x080293d4                gVibSetSeqLen
 .text.gVibGetSettings
                0x080293e4       0x40 ./gLib/gApp/gVib.o
                0x080293e4                gVibGetSettings
 .text.gVibSetSettings
                0x08029424       0x98 ./gLib/gApp/gVib.o
                0x08029424                gVibSetSettings
 .text.gVibGetSeqIndex
                0x080294bc        0xc ./gLib/gApp/gVib.o
                0x080294bc                gVibGetSeqIndex
 .text.gVibGetSettingsIndex
                0x080294c8        0xc ./gLib/gApp/gVib.o
                0x080294c8                gVibGetSettingsIndex
 .text.gVibGetLedDuration
                0x080294d4       0x18 ./gLib/gApp/gVib.o
                0x080294d4                gVibGetLedDuration
 .text.gVibSetLedDuration
                0x080294ec        0xc ./gLib/gApp/gVib.o
                0x080294ec                gVibSetLedDuration
 .text.gVibGetSettingsLen
                0x080294f8        0xc ./gLib/gApp/gVib.o
                0x080294f8                gVibGetSettingsLen
 .text.gVibResetSettings
                0x08029504       0x24 ./gLib/gApp/gVib.o
                0x08029504                gVibResetSettings
 .text.gVibClearSettings
                0x08029528       0x1c ./gLib/gApp/gVib.o
                0x08029528                gVibClearSettings
 .text.gVibSetPins
                0x08029544       0x78 ./gLib/gApp/gVib.o
                0x08029544                gVibSetPins
 .text.gVibSetState
                0x080295bc       0x98 ./gLib/gApp/gVib.o
                0x080295bc                gVibSetState
 .text.gVibLoop
                0x08029654      0x100 ./gLib/gApp/gVib.o
                0x08029654                gVibLoop
 .text.gVibSingleSetting
                0x08029754       0x6c ./gLib/gApp/gVib.o
                0x08029754                gVibSingleSetting
 .text.mp8859CallbackOverCurrent
                0x080297c0       0x14 ./gLib/gApp/gVib.o
                0x080297c0                mp8859CallbackOverCurrent
 .text.mp8859Enable
                0x080297d4       0x1c ./gLib/gApp/mp8859.o
                0x080297d4                mp8859Enable
 .text.mp8859WriteReg
                0x080297f0       0x30 ./gLib/gApp/mp8859.o
                0x080297f0                mp8859WriteReg
 .text.mp8859SetVol
                0x08029820       0x3c ./gLib/gApp/mp8859.o
                0x08029820                mp8859SetVol
 .text.mp8859SetCur
                0x0802985c       0x18 ./gLib/gApp/mp8859.o
                0x0802985c                mp8859SetCur
 .text.mp8859Init
                0x08029874       0x50 ./gLib/gApp/mp8859.o
                0x08029874                mp8859Init
 .text.mp8859ReadReg
                0x080298c4       0x2c ./gLib/gApp/mp8859.o
                0x080298c4                mp8859ReadReg
 .text.mp8859Loop
                0x080298f0       0x50 ./gLib/gApp/mp8859.o
                0x080298f0                mp8859Loop
 .text.mp8859GetVol
                0x08029940       0x3e ./gLib/gApp/mp8859.o
                0x08029940                mp8859GetVol
 .text.mp8859GetCur
                0x0802997e       0x2e ./gLib/gApp/mp8859.o
                0x0802997e                mp8859GetCur
 .text.gBuzInit
                0x080299ac       0x38 ./gLib/gCore/gBuz.o
                0x080299ac                gBuzInit
 .text.gBuzPlayNote
                0x080299e4       0x3c ./gLib/gCore/gBuz.o
                0x080299e4                gBuzPlayNote
 .text.gBuzPlay
                0x08029a20       0x28 ./gLib/gCore/gBuz.o
                0x08029a20                gBuzPlay
 .text.gBuzStop
                0x08029a48       0x18 ./gLib/gCore/gBuz.o
                0x08029a48                gBuzStop
 .text.gBuzLoop
                0x08029a60       0x40 ./gLib/gCore/gBuz.o
                0x08029a60                gBuzLoop
 .text.gComRxEventCallback
                0x08029aa0        0xc ./gLib/gCore/gCom.o
                0x08029aa0                gComRxEventCallback
 .text.gComTxDoneCallback
                0x08029aac        0xc ./gLib/gCore/gCom.o
                0x08029aac                gComTxDoneCallback
 .text.gComDeInit
                0x08029ab8       0x38 ./gLib/gCore/gCom.o
                0x08029ab8                gComDeInit
 .text.gComRespMake
                0x08029af0      0x114 ./gLib/gCore/gCom.o
                0x08029af0                gComRespMake
 .text.gComSetStatusCode
                0x08029c04       0x14 ./gLib/gCore/gCom.o
                0x08029c04                gComSetStatusCode
 .text.gComGetStatusCode
                0x08029c18        0xc ./gLib/gCore/gCom.o
                0x08029c18                gComGetStatusCode
 .text.gComRxEnable
                0x08029c24       0x50 ./gLib/gCore/gCom.o
                0x08029c24                gComRxEnable
 .text.gComInit
                0x08029c74       0xb4 ./gLib/gCore/gCom.o
                0x08029c74                gComInit
 .text.gComErrorCallback
                0x08029d28        0x4 ./gLib/gCore/gCom.o
                0x08029d28                gComErrorCallback
 .text.gComRespSend
                0x08029d2c       0x88 ./gLib/gCore/gCom.o
                0x08029d2c                gComRespSend
 .text.gComStateIdle
                0x08029db4       0x9c ./gLib/gCore/gCom.o
                0x08029db4                gComStateIdle
 .text.gComStateGotData
                0x08029e50       0xb4 ./gLib/gCore/gCom.o
                0x08029e50                gComStateGotData
 .text.gComStateSemanticCheck
                0x08029f04      0x108 ./gLib/gCore/gCom.o
                0x08029f04                gComStateSemanticCheck
 .text.gComStateSending
                0x0802a00c       0x30 ./gLib/gCore/gCom.o
                0x0802a00c                gComStateSending
 .text.gComStateError
                0x0802a03c       0x12 ./gLib/gCore/gCom.o
                0x0802a03c                gComStateError
 *fill*         0x0802a04e        0x2 
 .text.gComLoop
                0x0802a050       0x30 ./gLib/gCore/gCom.o
                0x0802a050                gComLoop
 .text.cmox_ll_init
                0x0802a080       0x40 ./gLib/gCore/gCom.o
                0x0802a080                cmox_ll_init
 .text.gComCallbackGetHw.part.0
                0x0802a0c0        0xa ./gLib/gCore/gComCallback.o
 .text.gComCallbackGetTempThreshold.part.0
                0x0802a0ca       0x24 ./gLib/gCore/gComCallback.o
 .text.gComCallbackSetIv.part.0
                0x0802a0ee        0xa ./gLib/gCore/gComCallback.o
 .text.gComCallbackVibGetTrigCfg.part.0
                0x0802a0f8       0x2a ./gLib/gCore/gComCallback.o
 .text.gComCallbackVibGetMaxChCfg.part.0
                0x0802a122       0x1a ./gLib/gCore/gComCallback.o
 .text.gComCallbackVibGetSeqLen.part.0
                0x0802a13c       0x24 ./gLib/gCore/gComCallback.o
 .text.gComCallbackVibGetSettings.part.0
                0x0802a160       0x2e ./gLib/gCore/gComCallback.o
 .text.gComCallbackVibGetDc.part.0
                0x0802a18e       0x42 ./gLib/gCore/gComCallback.o
 .text.gComCallbackVibGetLedDuration.part.0
                0x0802a1d0       0x32 ./gLib/gCore/gComCallback.o
 .text.gComCallbackSyncTimeout
                0x0802a202       0x14 ./gLib/gCore/gComCallback.o
                0x0802a202                gComCallbackSyncTimeout
 *fill*         0x0802a216        0x2 
 .text.gComCallbackSync
                0x0802a218       0x8c ./gLib/gCore/gComCallback.o
                0x0802a218                gComCallbackSync
 .text.gComCallbackGetHw
                0x0802a2a4       0x34 ./gLib/gCore/gComCallback.o
                0x0802a2a4                gComCallbackGetHw
 .text.gComCallbackSetHw
                0x0802a2d8       0x40 ./gLib/gCore/gComCallback.o
                0x0802a2d8                gComCallbackSetHw
 .text.gComCallbackGetFw
                0x0802a318       0x34 ./gLib/gCore/gComCallback.o
                0x0802a318                gComCallbackGetFw
 .text.gComCallbackGetSn
                0x0802a34c       0x34 ./gLib/gCore/gComCallback.o
                0x0802a34c                gComCallbackGetSn
 .text.gComCallbackSetSn
                0x0802a380       0x40 ./gLib/gCore/gComCallback.o
                0x0802a380                gComCallbackSetSn
 .text.gComCallbackSetTempThreshold
                0x0802a3c0       0x3c ./gLib/gCore/gComCallback.o
                0x0802a3c0                gComCallbackSetTempThreshold
 .text.gComCallbackSetIv
                0x0802a3fc       0x24 ./gLib/gCore/gComCallback.o
                0x0802a3fc                gComCallbackSetIv
 .text.gComCallbackVibSetState
                0x0802a420       0x28 ./gLib/gCore/gComCallback.o
                0x0802a420                gComCallbackVibSetState
 .text.gComCallbackVibSetTrigCfg
                0x0802a448       0x48 ./gLib/gCore/gComCallback.o
                0x0802a448                gComCallbackVibSetTrigCfg
 .text.gComCallbackVibSetMaxChCfg
                0x0802a490       0x44 ./gLib/gCore/gComCallback.o
                0x0802a490                gComCallbackVibSetMaxChCfg
 .text.gComCallbackVibSetSeqLen
                0x0802a4d4       0x2c ./gLib/gCore/gComCallback.o
                0x0802a4d4                gComCallbackVibSetSeqLen
 .text.gComCallbackVibGetSettings
                0x0802a500        0xa ./gLib/gCore/gComCallback.o
                0x0802a500                gComCallbackVibGetSettings
 .text.gComCallbackVibSetSettings
                0x0802a50a       0x76 ./gLib/gCore/gComCallback.o
                0x0802a50a                gComCallbackVibSetSettings
 .text.gComCallbackVibSetDc
                0x0802a580       0x5c ./gLib/gCore/gComCallback.o
                0x0802a580                gComCallbackVibSetDc
 .text.gComCallbackVibClearSettings
                0x0802a5dc       0x24 ./gLib/gCore/gComCallback.o
                0x0802a5dc                gComCallbackVibClearSettings
 .text.gComCallbackVibSingleSettings
                0x0802a600       0x30 ./gLib/gCore/gComCallback.o
                0x0802a600                gComCallbackVibSingleSettings
 .text.gComCallbackVibSetLedDuration
                0x0802a630       0x48 ./gLib/gCore/gComCallback.o
                0x0802a630                gComCallbackVibSetLedDuration
 .text.gComCallbackCmd
                0x0802a678      0x254 ./gLib/gCore/gComCallback.o
                0x0802a678                gComCallbackCmd
 .text.gCorePreInit
                0x0802a8cc       0x10 ./gLib/gCore/gCore.o
                0x0802a8cc                gCorePreInit
 .text.gCoreHalt
                0x0802a8dc       0x20 ./gLib/gCore/gCore.o
                0x0802a8dc                gCoreHalt
 .text.gCoreBlinker
                0x0802a8fc       0x38 ./gLib/gCore/gCore.o
                0x0802a8fc                gCoreBlinker
 .text.gCoreLoop
                0x0802a934       0x1a ./gLib/gCore/gCore.o
                0x0802a934                gCoreLoop
 *fill*         0x0802a94e        0x2 
 .text.gCoreCheckResetSource
                0x0802a950       0x54 ./gLib/gCore/gCore.o
                0x0802a950                gCoreCheckResetSource
 .text.gCoreInit
                0x0802a9a4       0x22 ./gLib/gCore/gCore.o
                0x0802a9a4                gCoreInit
 .text.__io_putchar
                0x0802a9c6       0x26 ./gLib/gCore/gCore.o
                0x0802a9c6                __io_putchar
 .text.HAL_RCC_CSSCallback
                0x0802a9ec        0x6 ./gLib/gCore/gCore.o
                0x0802a9ec                HAL_RCC_CSSCallback
 *fill*         0x0802a9f2        0x2 
 .text.gInfoReadFw
                0x0802a9f4       0x20 ./gLib/gCore/gInfo.o
                0x0802a9f4                gInfoReadFw
 .text.gInfoMemFormat
                0x0802aa14       0x64 ./gLib/gCore/gInfo.o
                0x0802aa14                gInfoMemFormat
 .text.gInfoMemRead
                0x0802aa78       0x64 ./gLib/gCore/gInfo.o
                0x0802aa78                gInfoMemRead
 .text.gInfoReadHw
                0x0802aadc       0x24 ./gLib/gCore/gInfo.o
                0x0802aadc                gInfoReadHw
 .text.gInfoReadSn
                0x0802ab00       0x24 ./gLib/gCore/gInfo.o
                0x0802ab00                gInfoReadSn
 .text.gInfoReadIv
                0x0802ab24       0x2c ./gLib/gCore/gInfo.o
                0x0802ab24                gInfoReadIv
 .text.gInfoMemWrite
                0x0802ab50       0xc8 ./gLib/gCore/gInfo.o
                0x0802ab50                gInfoMemWrite
 .text.gInfoSave
                0x0802ac18        0x4 ./gLib/gCore/gInfo.o
                0x0802ac18                gInfoSave
 .text.gInfoInit
                0x0802ac1c       0xbc ./gLib/gCore/gInfo.o
                0x0802ac1c                gInfoInit
 .text.gInfoWriteHw
                0x0802acd8       0x4c ./gLib/gCore/gInfo.o
                0x0802acd8                gInfoWriteHw
 .text.gInfoWriteSn
                0x0802ad24       0x4c ./gLib/gCore/gInfo.o
                0x0802ad24                gInfoWriteSn
 .text.gInfoWriteIv
                0x0802ad70       0x50 ./gLib/gCore/gInfo.o
                0x0802ad70                gInfoWriteIv
 .text.gTempGetDesiCelsius
                0x0802adc0        0xc ./gLib/gCore/gTemp.o
                0x0802adc0                gTempGetDesiCelsius
 .text.gTempSetAlarmDesiCelsius
                0x0802adcc        0xc ./gLib/gCore/gTemp.o
                0x0802adcc                gTempSetAlarmDesiCelsius
 .text.gTempGetAlarmDesiCelsius
                0x0802add8        0xc ./gLib/gCore/gTemp.o
                0x0802add8                gTempGetAlarmDesiCelsius
 .text.gTempAlarmCallback
                0x0802ade4        0x2 ./gLib/gCore/gTemp.o
                0x0802ade4                gTempAlarmCallback
 *fill*         0x0802ade6        0x2 
 .text.gTempGet
                0x0802ade8       0x54 ./gLib/gCore/gTemp.o
                0x0802ade8                gTempGet
 .text.gTempInit
                0x0802ae3c       0x8c ./gLib/gCore/gTemp.o
                0x0802ae3c                gTempInit
 .text.gTempLoop
                0x0802aec8       0x80 ./gLib/gCore/gTemp.o
                0x0802aec8                gTempLoop
 .text.malloc   0x0802af48       0x10 C:/ST/STM32CubeIDE_1.13.1/STM32CubeIDE/plugins/com.st.stm32cube.ide.mcu.externaltools.gnu-tools-for-stm32.13.3.rel1.win32_1.0.0.202411081344/tools/bin/../lib/gcc/arm-none-eabi/13.3.1/../../../../arm-none-eabi/lib/thumb/v8-m.main+fp/hard\libc_nano.a(libc_a-malloc.o)
                0x0802af48                malloc
 .text.free     0x0802af58       0x10 C:/ST/STM32CubeIDE_1.13.1/STM32CubeIDE/plugins/com.st.stm32cube.ide.mcu.externaltools.gnu-tools-for-stm32.13.3.rel1.win32_1.0.0.202411081344/tools/bin/../lib/gcc/arm-none-eabi/13.3.1/../../../../arm-none-eabi/lib/thumb/v8-m.main+fp/hard\libc_nano.a(libc_a-malloc.o)
                0x0802af58                free
 .text.sbrk_aligned
                0x0802af68       0x44 C:/ST/STM32CubeIDE_1.13.1/STM32CubeIDE/plugins/com.st.stm32cube.ide.mcu.externaltools.gnu-tools-for-stm32.13.3.rel1.win32_1.0.0.202411081344/tools/bin/../lib/gcc/arm-none-eabi/13.3.1/../../../../arm-none-eabi/lib/thumb/v8-m.main+fp/hard\libc_nano.a(libc_a-mallocr.o)
 .text._malloc_r
                0x0802afac      0x100 C:/ST/STM32CubeIDE_1.13.1/STM32CubeIDE/plugins/com.st.stm32cube.ide.mcu.externaltools.gnu-tools-for-stm32.13.3.rel1.win32_1.0.0.202411081344/tools/bin/../lib/gcc/arm-none-eabi/13.3.1/../../../../arm-none-eabi/lib/thumb/v8-m.main+fp/hard\libc_nano.a(libc_a-mallocr.o)
                0x0802afac                _malloc_r
 .text.__malloc_lock
                0x0802b0ac        0xc C:/ST/STM32CubeIDE_1.13.1/STM32CubeIDE/plugins/com.st.stm32cube.ide.mcu.externaltools.gnu-tools-for-stm32.13.3.rel1.win32_1.0.0.202411081344/tools/bin/../lib/gcc/arm-none-eabi/13.3.1/../../../../arm-none-eabi/lib/thumb/v8-m.main+fp/hard\libc_nano.a(libc_a-mlock.o)
                0x0802b0ac                __malloc_lock
 .text.__malloc_unlock
                0x0802b0b8        0xc C:/ST/STM32CubeIDE_1.13.1/STM32CubeIDE/plugins/com.st.stm32cube.ide.mcu.externaltools.gnu-tools-for-stm32.13.3.rel1.win32_1.0.0.202411081344/tools/bin/../lib/gcc/arm-none-eabi/13.3.1/../../../../arm-none-eabi/lib/thumb/v8-m.main+fp/hard\libc_nano.a(libc_a-mlock.o)
                0x0802b0b8                __malloc_unlock
 .text.std      0x0802b0c4       0x6c C:/ST/STM32CubeIDE_1.13.1/STM32CubeIDE/plugins/com.st.stm32cube.ide.mcu.externaltools.gnu-tools-for-stm32.13.3.rel1.win32_1.0.0.202411081344/tools/bin/../lib/gcc/arm-none-eabi/13.3.1/../../../../arm-none-eabi/lib/thumb/v8-m.main+fp/hard\libc_nano.a(libc_a-findfp.o)
 .text.stdio_exit_handler
                0x0802b130       0x18 C:/ST/STM32CubeIDE_1.13.1/STM32CubeIDE/plugins/com.st.stm32cube.ide.mcu.externaltools.gnu-tools-for-stm32.13.3.rel1.win32_1.0.0.202411081344/tools/bin/../lib/gcc/arm-none-eabi/13.3.1/../../../../arm-none-eabi/lib/thumb/v8-m.main+fp/hard\libc_nano.a(libc_a-findfp.o)
 .text.cleanup_stdio
                0x0802b148       0x40 C:/ST/STM32CubeIDE_1.13.1/STM32CubeIDE/plugins/com.st.stm32cube.ide.mcu.externaltools.gnu-tools-for-stm32.13.3.rel1.win32_1.0.0.202411081344/tools/bin/../lib/gcc/arm-none-eabi/13.3.1/../../../../arm-none-eabi/lib/thumb/v8-m.main+fp/hard\libc_nano.a(libc_a-findfp.o)
 .text.global_stdio_init.part.0
                0x0802b188       0x3c C:/ST/STM32CubeIDE_1.13.1/STM32CubeIDE/plugins/com.st.stm32cube.ide.mcu.externaltools.gnu-tools-for-stm32.13.3.rel1.win32_1.0.0.202411081344/tools/bin/../lib/gcc/arm-none-eabi/13.3.1/../../../../arm-none-eabi/lib/thumb/v8-m.main+fp/hard\libc_nano.a(libc_a-findfp.o)
 .text.__sfp_lock_acquire
                0x0802b1c4        0xc C:/ST/STM32CubeIDE_1.13.1/STM32CubeIDE/plugins/com.st.stm32cube.ide.mcu.externaltools.gnu-tools-for-stm32.13.3.rel1.win32_1.0.0.202411081344/tools/bin/../lib/gcc/arm-none-eabi/13.3.1/../../../../arm-none-eabi/lib/thumb/v8-m.main+fp/hard\libc_nano.a(libc_a-findfp.o)
                0x0802b1c4                __sfp_lock_acquire
 .text.__sfp_lock_release
                0x0802b1d0        0xc C:/ST/STM32CubeIDE_1.13.1/STM32CubeIDE/plugins/com.st.stm32cube.ide.mcu.externaltools.gnu-tools-for-stm32.13.3.rel1.win32_1.0.0.202411081344/tools/bin/../lib/gcc/arm-none-eabi/13.3.1/../../../../arm-none-eabi/lib/thumb/v8-m.main+fp/hard\libc_nano.a(libc_a-findfp.o)
                0x0802b1d0                __sfp_lock_release
 .text.__sinit  0x0802b1dc       0x30 C:/ST/STM32CubeIDE_1.13.1/STM32CubeIDE/plugins/com.st.stm32cube.ide.mcu.externaltools.gnu-tools-for-stm32.13.3.rel1.win32_1.0.0.202411081344/tools/bin/../lib/gcc/arm-none-eabi/13.3.1/../../../../arm-none-eabi/lib/thumb/v8-m.main+fp/hard\libc_nano.a(libc_a-findfp.o)
                0x0802b1dc                __sinit
 .text._fwalk_sglue
                0x0802b20c       0x3c C:/ST/STM32CubeIDE_1.13.1/STM32CubeIDE/plugins/com.st.stm32cube.ide.mcu.externaltools.gnu-tools-for-stm32.13.3.rel1.win32_1.0.0.202411081344/tools/bin/../lib/gcc/arm-none-eabi/13.3.1/../../../../arm-none-eabi/lib/thumb/v8-m.main+fp/hard\libc_nano.a(libc_a-fwalk.o)
                0x0802b20c                _fwalk_sglue
 .text.printf   0x0802b248       0x24 C:/ST/STM32CubeIDE_1.13.1/STM32CubeIDE/plugins/com.st.stm32cube.ide.mcu.externaltools.gnu-tools-for-stm32.13.3.rel1.win32_1.0.0.202411081344/tools/bin/../lib/gcc/arm-none-eabi/13.3.1/../../../../arm-none-eabi/lib/thumb/v8-m.main+fp/hard\libc_nano.a(libc_a-printf.o)
                0x0802b248                iprintf
                0x0802b248                printf
 .text._puts_r  0x0802b26c       0xaa C:/ST/STM32CubeIDE_1.13.1/STM32CubeIDE/plugins/com.st.stm32cube.ide.mcu.externaltools.gnu-tools-for-stm32.13.3.rel1.win32_1.0.0.202411081344/tools/bin/../lib/gcc/arm-none-eabi/13.3.1/../../../../arm-none-eabi/lib/thumb/v8-m.main+fp/hard\libc_nano.a(libc_a-puts.o)
                0x0802b26c                _puts_r
 *fill*         0x0802b316        0x2 
 .text.puts     0x0802b318       0x10 C:/ST/STM32CubeIDE_1.13.1/STM32CubeIDE/plugins/com.st.stm32cube.ide.mcu.externaltools.gnu-tools-for-stm32.13.3.rel1.win32_1.0.0.202411081344/tools/bin/../lib/gcc/arm-none-eabi/13.3.1/../../../../arm-none-eabi/lib/thumb/v8-m.main+fp/hard\libc_nano.a(libc_a-puts.o)
                0x0802b318                puts
 .text.sprintf  0x0802b328       0x44 C:/ST/STM32CubeIDE_1.13.1/STM32CubeIDE/plugins/com.st.stm32cube.ide.mcu.externaltools.gnu-tools-for-stm32.13.3.rel1.win32_1.0.0.202411081344/tools/bin/../lib/gcc/arm-none-eabi/13.3.1/../../../../arm-none-eabi/lib/thumb/v8-m.main+fp/hard\libc_nano.a(libc_a-sprintf.o)
                0x0802b328                siprintf
                0x0802b328                sprintf
 .text.__sread  0x0802b36c       0x22 C:/ST/STM32CubeIDE_1.13.1/STM32CubeIDE/plugins/com.st.stm32cube.ide.mcu.externaltools.gnu-tools-for-stm32.13.3.rel1.win32_1.0.0.202411081344/tools/bin/../lib/gcc/arm-none-eabi/13.3.1/../../../../arm-none-eabi/lib/thumb/v8-m.main+fp/hard\libc_nano.a(libc_a-stdio.o)
                0x0802b36c                __sread
 .text.__swrite
                0x0802b38e       0x38 C:/ST/STM32CubeIDE_1.13.1/STM32CubeIDE/plugins/com.st.stm32cube.ide.mcu.externaltools.gnu-tools-for-stm32.13.3.rel1.win32_1.0.0.202411081344/tools/bin/../lib/gcc/arm-none-eabi/13.3.1/../../../../arm-none-eabi/lib/thumb/v8-m.main+fp/hard\libc_nano.a(libc_a-stdio.o)
                0x0802b38e                __swrite
 .text.__sseek  0x0802b3c6       0x24 C:/ST/STM32CubeIDE_1.13.1/STM32CubeIDE/plugins/com.st.stm32cube.ide.mcu.externaltools.gnu-tools-for-stm32.13.3.rel1.win32_1.0.0.202411081344/tools/bin/../lib/gcc/arm-none-eabi/13.3.1/../../../../arm-none-eabi/lib/thumb/v8-m.main+fp/hard\libc_nano.a(libc_a-stdio.o)
                0x0802b3c6                __sseek
 .text.__sclose
                0x0802b3ea        0x8 C:/ST/STM32CubeIDE_1.13.1/STM32CubeIDE/plugins/com.st.stm32cube.ide.mcu.externaltools.gnu-tools-for-stm32.13.3.rel1.win32_1.0.0.202411081344/tools/bin/../lib/gcc/arm-none-eabi/13.3.1/../../../../arm-none-eabi/lib/thumb/v8-m.main+fp/hard\libc_nano.a(libc_a-stdio.o)
                0x0802b3ea                __sclose
 .text.__swbuf_r
                0x0802b3f2       0x7c C:/ST/STM32CubeIDE_1.13.1/STM32CubeIDE/plugins/com.st.stm32cube.ide.mcu.externaltools.gnu-tools-for-stm32.13.3.rel1.win32_1.0.0.202411081344/tools/bin/../lib/gcc/arm-none-eabi/13.3.1/../../../../arm-none-eabi/lib/thumb/v8-m.main+fp/hard\libc_nano.a(libc_a-wbuf.o)
                0x0802b3f2                __swbuf_r
 *fill*         0x0802b46e        0x2 
 .text.__swsetup_r
                0x0802b470       0xac C:/ST/STM32CubeIDE_1.13.1/STM32CubeIDE/plugins/com.st.stm32cube.ide.mcu.externaltools.gnu-tools-for-stm32.13.3.rel1.win32_1.0.0.202411081344/tools/bin/../lib/gcc/arm-none-eabi/13.3.1/../../../../arm-none-eabi/lib/thumb/v8-m.main+fp/hard\libc_nano.a(libc_a-wsetup.o)
                0x0802b470                __swsetup_r
 .text.memcmp   0x0802b51c       0x20 C:/ST/STM32CubeIDE_1.13.1/STM32CubeIDE/plugins/com.st.stm32cube.ide.mcu.externaltools.gnu-tools-for-stm32.13.3.rel1.win32_1.0.0.202411081344/tools/bin/../lib/gcc/arm-none-eabi/13.3.1/../../../../arm-none-eabi/lib/thumb/v8-m.main+fp/hard\libc_nano.a(libc_a-memcmp.o)
                0x0802b51c                memcmp
 .text.memset   0x0802b53c       0x10 C:/ST/STM32CubeIDE_1.13.1/STM32CubeIDE/plugins/com.st.stm32cube.ide.mcu.externaltools.gnu-tools-for-stm32.13.3.rel1.win32_1.0.0.202411081344/tools/bin/../lib/gcc/arm-none-eabi/13.3.1/../../../../arm-none-eabi/lib/thumb/v8-m.main+fp/hard\libc_nano.a(libc_a-memset.o)
                0x0802b53c                memset
 .text.strncpy  0x0802b54c       0x26 C:/ST/STM32CubeIDE_1.13.1/STM32CubeIDE/plugins/com.st.stm32cube.ide.mcu.externaltools.gnu-tools-for-stm32.13.3.rel1.win32_1.0.0.202411081344/tools/bin/../lib/gcc/arm-none-eabi/13.3.1/../../../../arm-none-eabi/lib/thumb/v8-m.main+fp/hard\libc_nano.a(libc_a-strncpy.o)
                0x0802b54c                strncpy
 *fill*         0x0802b572        0x2 
 .text._close_r
                0x0802b574       0x20 C:/ST/STM32CubeIDE_1.13.1/STM32CubeIDE/plugins/com.st.stm32cube.ide.mcu.externaltools.gnu-tools-for-stm32.13.3.rel1.win32_1.0.0.202411081344/tools/bin/../lib/gcc/arm-none-eabi/13.3.1/../../../../arm-none-eabi/lib/thumb/v8-m.main+fp/hard\libc_nano.a(libc_a-closer.o)
                0x0802b574                _close_r
 .text._lseek_r
                0x0802b594       0x24 C:/ST/STM32CubeIDE_1.13.1/STM32CubeIDE/plugins/com.st.stm32cube.ide.mcu.externaltools.gnu-tools-for-stm32.13.3.rel1.win32_1.0.0.202411081344/tools/bin/../lib/gcc/arm-none-eabi/13.3.1/../../../../arm-none-eabi/lib/thumb/v8-m.main+fp/hard\libc_nano.a(libc_a-lseekr.o)
                0x0802b594                _lseek_r
 .text._read_r  0x0802b5b8       0x24 C:/ST/STM32CubeIDE_1.13.1/STM32CubeIDE/plugins/com.st.stm32cube.ide.mcu.externaltools.gnu-tools-for-stm32.13.3.rel1.win32_1.0.0.202411081344/tools/bin/../lib/gcc/arm-none-eabi/13.3.1/../../../../arm-none-eabi/lib/thumb/v8-m.main+fp/hard\libc_nano.a(libc_a-readr.o)
                0x0802b5b8                _read_r
 .text._sbrk_r  0x0802b5dc       0x20 C:/ST/STM32CubeIDE_1.13.1/STM32CubeIDE/plugins/com.st.stm32cube.ide.mcu.externaltools.gnu-tools-for-stm32.13.3.rel1.win32_1.0.0.202411081344/tools/bin/../lib/gcc/arm-none-eabi/13.3.1/../../../../arm-none-eabi/lib/thumb/v8-m.main+fp/hard\libc_nano.a(libc_a-sbrkr.o)
                0x0802b5dc                _sbrk_r
 .text._write_r
                0x0802b5fc       0x24 C:/ST/STM32CubeIDE_1.13.1/STM32CubeIDE/plugins/com.st.stm32cube.ide.mcu.externaltools.gnu-tools-for-stm32.13.3.rel1.win32_1.0.0.202411081344/tools/bin/../lib/gcc/arm-none-eabi/13.3.1/../../../../arm-none-eabi/lib/thumb/v8-m.main+fp/hard\libc_nano.a(libc_a-writer.o)
                0x0802b5fc                _write_r
 .text.__errno  0x0802b620        0xc C:/ST/STM32CubeIDE_1.13.1/STM32CubeIDE/plugins/com.st.stm32cube.ide.mcu.externaltools.gnu-tools-for-stm32.13.3.rel1.win32_1.0.0.202411081344/tools/bin/../lib/gcc/arm-none-eabi/13.3.1/../../../../arm-none-eabi/lib/thumb/v8-m.main+fp/hard\libc_nano.a(libc_a-errno.o)
                0x0802b620                __errno
 .text.__libc_init_array
                0x0802b62c       0x48 C:/ST/STM32CubeIDE_1.13.1/STM32CubeIDE/plugins/com.st.stm32cube.ide.mcu.externaltools.gnu-tools-for-stm32.13.3.rel1.win32_1.0.0.202411081344/tools/bin/../lib/gcc/arm-none-eabi/13.3.1/../../../../arm-none-eabi/lib/thumb/v8-m.main+fp/hard\libc_nano.a(libc_a-init.o)
                0x0802b62c                __libc_init_array
 .text.__retarget_lock_init_recursive
                0x0802b674        0x2 C:/ST/STM32CubeIDE_1.13.1/STM32CubeIDE/plugins/com.st.stm32cube.ide.mcu.externaltools.gnu-tools-for-stm32.13.3.rel1.win32_1.0.0.202411081344/tools/bin/../lib/gcc/arm-none-eabi/13.3.1/../../../../arm-none-eabi/lib/thumb/v8-m.main+fp/hard\libc_nano.a(libc_a-lock.o)
                0x0802b674                __retarget_lock_init_recursive
 .text.__retarget_lock_acquire_recursive
                0x0802b676        0x2 C:/ST/STM32CubeIDE_1.13.1/STM32CubeIDE/plugins/com.st.stm32cube.ide.mcu.externaltools.gnu-tools-for-stm32.13.3.rel1.win32_1.0.0.202411081344/tools/bin/../lib/gcc/arm-none-eabi/13.3.1/../../../../arm-none-eabi/lib/thumb/v8-m.main+fp/hard\libc_nano.a(libc_a-lock.o)
                0x0802b676                __retarget_lock_acquire_recursive
 .text.__retarget_lock_release_recursive
                0x0802b678        0x2 C:/ST/STM32CubeIDE_1.13.1/STM32CubeIDE/plugins/com.st.stm32cube.ide.mcu.externaltools.gnu-tools-for-stm32.13.3.rel1.win32_1.0.0.202411081344/tools/bin/../lib/gcc/arm-none-eabi/13.3.1/../../../../arm-none-eabi/lib/thumb/v8-m.main+fp/hard\libc_nano.a(libc_a-lock.o)
                0x0802b678                __retarget_lock_release_recursive
 .text.strcpy   0x0802b67a       0x10 C:/ST/STM32CubeIDE_1.13.1/STM32CubeIDE/plugins/com.st.stm32cube.ide.mcu.externaltools.gnu-tools-for-stm32.13.3.rel1.win32_1.0.0.202411081344/tools/bin/../lib/gcc/arm-none-eabi/13.3.1/../../../../arm-none-eabi/lib/thumb/v8-m.main+fp/hard\libc_nano.a(libc_a-strcpy.o)
                0x0802b67a                strcpy
 .text.__aeabi_memclr
                0x0802b68a        0x6 C:/ST/STM32CubeIDE_1.13.1/STM32CubeIDE/plugins/com.st.stm32cube.ide.mcu.externaltools.gnu-tools-for-stm32.13.3.rel1.win32_1.0.0.202411081344/tools/bin/../lib/gcc/arm-none-eabi/13.3.1/../../../../arm-none-eabi/lib/thumb/v8-m.main+fp/hard\libc_nano.a(libc_a-aeabi_memclr.o)
                0x0802b68a                __aeabi_memclr
                0x0802b68a                __aeabi_memclr4
                0x0802b68a                __aeabi_memclr8
 .text.memcpy   0x0802b690       0x1a C:/ST/STM32CubeIDE_1.13.1/STM32CubeIDE/plugins/com.st.stm32cube.ide.mcu.externaltools.gnu-tools-for-stm32.13.3.rel1.win32_1.0.0.202411081344/tools/bin/../lib/gcc/arm-none-eabi/13.3.1/../../../../arm-none-eabi/lib/thumb/v8-m.main+fp/hard\libc_nano.a(libc_a-memcpy-stub.o)
                0x0802b690                memcpy
 *fill*         0x0802b6aa        0x2 
 .text._free_r  0x0802b6ac       0x94 C:/ST/STM32CubeIDE_1.13.1/STM32CubeIDE/plugins/com.st.stm32cube.ide.mcu.externaltools.gnu-tools-for-stm32.13.3.rel1.win32_1.0.0.202411081344/tools/bin/../lib/gcc/arm-none-eabi/13.3.1/../../../../arm-none-eabi/lib/thumb/v8-m.main+fp/hard\libc_nano.a(libc_a-freer.o)
                0x0802b6ac                _free_r
 .text.__ssputs_r
                0x0802b740       0xb6 C:/ST/STM32CubeIDE_1.13.1/STM32CubeIDE/plugins/com.st.stm32cube.ide.mcu.externaltools.gnu-tools-for-stm32.13.3.rel1.win32_1.0.0.202411081344/tools/bin/../lib/gcc/arm-none-eabi/13.3.1/../../../../arm-none-eabi/lib/thumb/v8-m.main+fp/hard\libc_nano.a(libc_a-nano-svfprintf.o)
                0x0802b740                __ssputs_r
 *fill*         0x0802b7f6        0x2 
 .text._svfprintf_r
                0x0802b7f8      0x1f8 C:/ST/STM32CubeIDE_1.13.1/STM32CubeIDE/plugins/com.st.stm32cube.ide.mcu.externaltools.gnu-tools-for-stm32.13.3.rel1.win32_1.0.0.202411081344/tools/bin/../lib/gcc/arm-none-eabi/13.3.1/../../../../arm-none-eabi/lib/thumb/v8-m.main+fp/hard\libc_nano.a(libc_a-nano-svfprintf.o)
                0x0802b7f8                _svfiprintf_r
                0x0802b7f8                _svfprintf_r
 .text.__sfputc_r
                0x0802b9f0       0x2e C:/ST/STM32CubeIDE_1.13.1/STM32CubeIDE/plugins/com.st.stm32cube.ide.mcu.externaltools.gnu-tools-for-stm32.13.3.rel1.win32_1.0.0.202411081344/tools/bin/../lib/gcc/arm-none-eabi/13.3.1/../../../../arm-none-eabi/lib/thumb/v8-m.main+fp/hard\libc_nano.a(libc_a-nano-vfprintf.o)
 .text.__sfputs_r
                0x0802ba1e       0x24 C:/ST/STM32CubeIDE_1.13.1/STM32CubeIDE/plugins/com.st.stm32cube.ide.mcu.externaltools.gnu-tools-for-stm32.13.3.rel1.win32_1.0.0.202411081344/tools/bin/../lib/gcc/arm-none-eabi/13.3.1/../../../../arm-none-eabi/lib/thumb/v8-m.main+fp/hard\libc_nano.a(libc_a-nano-vfprintf.o)
                0x0802ba1e                __sfputs_r
 *fill*         0x0802ba42        0x2 
 .text._vfprintf_r
                0x0802ba44      0x230 C:/ST/STM32CubeIDE_1.13.1/STM32CubeIDE/plugins/com.st.stm32cube.ide.mcu.externaltools.gnu-tools-for-stm32.13.3.rel1.win32_1.0.0.202411081344/tools/bin/../lib/gcc/arm-none-eabi/13.3.1/../../../../arm-none-eabi/lib/thumb/v8-m.main+fp/hard\libc_nano.a(libc_a-nano-vfprintf.o)
                0x0802ba44                _vfprintf_r
                0x0802ba44                _vfiprintf_r
 .text._printf_common
                0x0802bc74       0xe4 C:/ST/STM32CubeIDE_1.13.1/STM32CubeIDE/plugins/com.st.stm32cube.ide.mcu.externaltools.gnu-tools-for-stm32.13.3.rel1.win32_1.0.0.202411081344/tools/bin/../lib/gcc/arm-none-eabi/13.3.1/../../../../arm-none-eabi/lib/thumb/v8-m.main+fp/hard\libc_nano.a(libc_a-nano-vfprintf_i.o)
                0x0802bc74                _printf_common
 .text._printf_i
                0x0802bd58      0x23c C:/ST/STM32CubeIDE_1.13.1/STM32CubeIDE/plugins/com.st.stm32cube.ide.mcu.externaltools.gnu-tools-for-stm32.13.3.rel1.win32_1.0.0.202411081344/tools/bin/../lib/gcc/arm-none-eabi/13.3.1/../../../../arm-none-eabi/lib/thumb/v8-m.main+fp/hard\libc_nano.a(libc_a-nano-vfprintf_i.o)
                0x0802bd58                _printf_i
 .text.__sflush_r
                0x0802bf94      0x108 C:/ST/STM32CubeIDE_1.13.1/STM32CubeIDE/plugins/com.st.stm32cube.ide.mcu.externaltools.gnu-tools-for-stm32.13.3.rel1.win32_1.0.0.202411081344/tools/bin/../lib/gcc/arm-none-eabi/13.3.1/../../../../arm-none-eabi/lib/thumb/v8-m.main+fp/hard\libc_nano.a(libc_a-fflush.o)
                0x0802bf94                __sflush_r
 .text._fflush_r
                0x0802c09c       0x50 C:/ST/STM32CubeIDE_1.13.1/STM32CubeIDE/plugins/com.st.stm32cube.ide.mcu.externaltools.gnu-tools-for-stm32.13.3.rel1.win32_1.0.0.202411081344/tools/bin/../lib/gcc/arm-none-eabi/13.3.1/../../../../arm-none-eabi/lib/thumb/v8-m.main+fp/hard\libc_nano.a(libc_a-fflush.o)
                0x0802c09c                _fflush_r
 .text.__swhatbuf_r
                0x0802c0ec       0x4a C:/ST/STM32CubeIDE_1.13.1/STM32CubeIDE/plugins/com.st.stm32cube.ide.mcu.externaltools.gnu-tools-for-stm32.13.3.rel1.win32_1.0.0.202411081344/tools/bin/../lib/gcc/arm-none-eabi/13.3.1/../../../../arm-none-eabi/lib/thumb/v8-m.main+fp/hard\libc_nano.a(libc_a-makebuf.o)
                0x0802c0ec                __swhatbuf_r
 .text.__smakebuf_r
                0x0802c136       0x78 C:/ST/STM32CubeIDE_1.13.1/STM32CubeIDE/plugins/com.st.stm32cube.ide.mcu.externaltools.gnu-tools-for-stm32.13.3.rel1.win32_1.0.0.202411081344/tools/bin/../lib/gcc/arm-none-eabi/13.3.1/../../../../arm-none-eabi/lib/thumb/v8-m.main+fp/hard\libc_nano.a(libc_a-makebuf.o)
                0x0802c136                __smakebuf_r
 .text.memmove  0x0802c1ae       0x34 C:/ST/STM32CubeIDE_1.13.1/STM32CubeIDE/plugins/com.st.stm32cube.ide.mcu.externaltools.gnu-tools-for-stm32.13.3.rel1.win32_1.0.0.202411081344/tools/bin/../lib/gcc/arm-none-eabi/13.3.1/../../../../arm-none-eabi/lib/thumb/v8-m.main+fp/hard\libc_nano.a(libc_a-memmove.o)
                0x0802c1ae                memmove
 *fill*         0x0802c1e2        0x2 
 .text._fstat_r
                0x0802c1e4       0x24 C:/ST/STM32CubeIDE_1.13.1/STM32CubeIDE/plugins/com.st.stm32cube.ide.mcu.externaltools.gnu-tools-for-stm32.13.3.rel1.win32_1.0.0.202411081344/tools/bin/../lib/gcc/arm-none-eabi/13.3.1/../../../../arm-none-eabi/lib/thumb/v8-m.main+fp/hard\libc_nano.a(libc_a-fstatr.o)
                0x0802c1e4                _fstat_r
 .text._isatty_r
                0x0802c208       0x20 C:/ST/STM32CubeIDE_1.13.1/STM32CubeIDE/plugins/com.st.stm32cube.ide.mcu.externaltools.gnu-tools-for-stm32.13.3.rel1.win32_1.0.0.202411081344/tools/bin/../lib/gcc/arm-none-eabi/13.3.1/../../../../arm-none-eabi/lib/thumb/v8-m.main+fp/hard\libc_nano.a(libc_a-isattyr.o)
                0x0802c208                _isatty_r
 .text.memchr   0x0802c228       0x1c C:/ST/STM32CubeIDE_1.13.1/STM32CubeIDE/plugins/com.st.stm32cube.ide.mcu.externaltools.gnu-tools-for-stm32.13.3.rel1.win32_1.0.0.202411081344/tools/bin/../lib/gcc/arm-none-eabi/13.3.1/../../../../arm-none-eabi/lib/thumb/v8-m.main+fp/hard\libc_nano.a(libc_a-memchr-stub.o)
                0x0802c228                memchr
 .text._realloc_r
                0x0802c244       0x5c C:/ST/STM32CubeIDE_1.13.1/STM32CubeIDE/plugins/com.st.stm32cube.ide.mcu.externaltools.gnu-tools-for-stm32.13.3.rel1.win32_1.0.0.202411081344/tools/bin/../lib/gcc/arm-none-eabi/13.3.1/../../../../arm-none-eabi/lib/thumb/v8-m.main+fp/hard\libc_nano.a(libc_a-reallocr.o)
                0x0802c244                _realloc_r
 .text._malloc_usable_size_r
                0x0802c2a0       0x10 C:/ST/STM32CubeIDE_1.13.1/STM32CubeIDE/plugins/com.st.stm32cube.ide.mcu.externaltools.gnu-tools-for-stm32.13.3.rel1.win32_1.0.0.202411081344/tools/bin/../lib/gcc/arm-none-eabi/13.3.1/../../../../arm-none-eabi/lib/thumb/v8-m.main+fp/hard\libc_nano.a(libc_a-msizer.o)
                0x0802c2a0                _malloc_usable_size_r
 *(.glue_7)
 .glue_7        0x0802c2b0        0x0 linker stubs
 *(.glue_7t)
 .glue_7t       0x0802c2b0        0x0 linker stubs
 *(.eh_frame)
 .eh_frame      0x0802c2b0        0x0 C:/ST/STM32CubeIDE_1.13.1/STM32CubeIDE/plugins/com.st.stm32cube.ide.mcu.externaltools.gnu-tools-for-stm32.13.3.rel1.win32_1.0.0.202411081344/tools/bin/../lib/gcc/arm-none-eabi/13.3.1/thumb/v8-m.main+fp/hard/crtbegin.o
 *(.init)
 .init          0x0802c2b0        0x4 C:/ST/STM32CubeIDE_1.13.1/STM32CubeIDE/plugins/com.st.stm32cube.ide.mcu.externaltools.gnu-tools-for-stm32.13.3.rel1.win32_1.0.0.202411081344/tools/bin/../lib/gcc/arm-none-eabi/13.3.1/thumb/v8-m.main+fp/hard/crti.o
                0x0802c2b0                _init