../gLib/gCore/gComCallback.c:309:6:gComCallbackGetHw.part.0	0	static
../gLib/gCore/gComCallback.c:431:6:gComCallbackGetTemp.part.0	16	static
../gLib/gCore/gComCallback.c:450:6:gComCallbackGetTempThreshold.part.0	16	static
../gLib/gCore/gComCallback.c:485:6:gComCallbackSetIv.part.0	0	static
../gLib/gCore/gComCallback.c:565:6:gComCallbackVibGetTrigCfg.part.0	16	static
../gLib/gCore/gComCallback.c:595:6:gComCallbackVibGetMaxChCfg.part.0	16	static
../gLib/gCore/gComCallback.c:628:6:gComCallbackVibGetSeqLen.part.0	16	static
../gLib/gCore/gComCallback.c:662:6:gComCallbackVibGetSettings.part.0	2048	static
../gLib/gCore/gComCallback.c:713:6:gComCallbackVibGetDc.part.0	24	static
../gLib/gCore/gComCallback.c:828:6:gComCallbackVibGetLedDuration.part.0	16	static
../gLib/gCore/gComCallback.c:107:6:gComCallbackSyncTimeout	8	static
../gLib/gCore/gComCallback.c:259:6:gComCallbackSync	24	static
../gLib/gCore/gComCallback.c:293:6:gComCallbackRestart	8	static
../gLib/gCore/gComCallback.c:309:6:gComCallbackGetHw	40	static
../gLib/gCore/gComCallback.c:333:6:gComCallbackSetHw	48	static
../gLib/gCore/gComCallback.c:358:6:gComCallbackGetFw	40	static
../gLib/gCore/gComCallback.c:382:6:gComCallbackGetSn	40	static
../gLib/gCore/gComCallback.c:406:6:gComCallbackSetSn	48	static
../gLib/gCore/gComCallback.c:431:6:gComCallbackGetTemp	0	static
../gLib/gCore/gComCallback.c:450:6:gComCallbackGetTempThreshold	0	static
../gLib/gCore/gComCallback.c:468:6:gComCallbackSetTempThreshold	8	static
../gLib/gCore/gComCallback.c:485:6:gComCallbackSetIv	8	static
../gLib/gCore/gComCallback.c:507:6:gComCallbackOpenPort	8	static
../gLib/gCore/gComCallback.c:531:6:gComCallbackClosePort	8	static
../gLib/gCore/gComCallback.c:546:6:gComCallbackVibSetState	8	static
../gLib/gCore/gComCallback.c:565:6:gComCallbackVibGetTrigCfg	0	static
../gLib/gCore/gComCallback.c:582:6:gComCallbackVibSetTrigCfg	8	static
../gLib/gCore/gComCallback.c:595:6:gComCallbackVibGetMaxChCfg	0	static
../gLib/gCore/gComCallback.c:609:6:gComCallbackVibSetMaxChCfg	8	static
../gLib/gCore/gComCallback.c:628:6:gComCallbackVibGetSeqLen	0	static
../gLib/gCore/gComCallback.c:643:6:gComCallbackVibSetSeqLen	8	static
../gLib/gCore/gComCallback.c:662:6:gComCallbackVibGetSettings	0	static
../gLib/gCore/gComCallback.c:684:6:gComCallbackVibSetSettings	24	static
../gLib/gCore/gComCallback.c:713:6:gComCallbackVibGetDc	0	static
../gLib/gCore/gComCallback.c:753:6:gComCallbackVibSetDc	8	static
../gLib/gCore/gComCallback.c:789:6:gComCallbackVibClearSettings	8	static
../gLib/gCore/gComCallback.c:808:6:gComCallbackVibSingleSettings	8	static
../gLib/gCore/gComCallback.c:828:6:gComCallbackVibGetLedDuration	0	static
../gLib/gCore/gComCallback.c:847:6:gComCallbackVibSetLedDuration	8	static
../gLib/gCore/gComCallback.c:123:6:gComCallbackCmd	16	static
