../gLib/gCore/gInfo.c:166:6:gInfoDeInit	0	static
../gLib/gCore/gInfo.c:364:6:gInfoReadFw	16	static
../gLib/gCore/gInfo.c:462:6:gInfoMemInit	0	static
../gLib/gCore/gInfo.c:490:6:gInfoMemDeInit	0	static
../gLib/gCore/gInfo.c:503:10:gInfoMemCapacity	0	static
../gLib/gCore/gInfo.c:517:6:gInfoMemFormat	32	static
../gLib/gCore/gInfo.c:567:6:gInfoMemRead	24	static
../gLib/gCore/gInfo.c:182:6:gInfoLoad	0	static
../gLib/gCore/gInfo.c:228:6:gInfoReadHw	16	static
../gLib/gCore/gInfo.c:296:6:gInfoReadSn	16	static
../gLib/gCore/gInfo.c:389:6:gInfoReadIv	8	static
../gLib/gCore/gInfo.c:608:6:gInfoMemWrite	32	static
../gLib/gCore/gInfo.c:205:6:gInfoSave	0	static
../gLib/gCore/gInfo.c:108:6:gInfoInit	8	static
../gLib/gCore/gInfo.c:256:6:gInfoWriteHw	16	static
../gLib/gCore/gInfo.c:324:6:gInfoWriteSn	16	static
../gLib/gCore/gInfo.c:417:6:gInfoWriteIv	16	static
