../Core/Src/main.c:105:6:parseSBUSData	24	static
../Core/Src/main.c:152:6:HAL_UARTEx_RxEventCallback	16	static
../Core/Src/main.c:167:6:HAL_UART_ErrorCallback	16	static
../Core/Src/main.c:205:5:main	8	static
../Core/Src/main.c:275:6:SystemClock_Config	96	static
../Core/Src/main.c:336:13:MX_TIM1_Init	40	static
../Core/Src/main.c:383:13:MX_USART1_UART_Init	8	static
../Core/Src/main.c:418:13:MX_USART2_UART_Init	8	static
../Core/Src/main.c:451:13:MX_DMA_Init	16	static
../Core/Src/main.c:469:13:MX_GPIO_Init	40	static
../Core/Src/main.c:495:6:HAL_TIM_PeriodElapsedCallback	16	static
../Core/Src/main.c:509:6:Error_Handler	4	static,ignoring_inline_asm
