../Core/Src/main.c:131:6:LogError	72	static
../Core/Src/main.c:145:6:resetUART	16	static
../Core/Src/main.c:251:6:HandleNoErrorUART	16	static
../Core/Src/main.c:264:6:HandleParityErrorUART	16	static
../Core/Src/main.c:279:6:HandleNoiseErrorUART	16	static
../Core/Src/main.c:294:6:HandleFramErrorUART	16	static
../Core/Src/main.c:309:6:HandleOverrunErrorUART	16	static
../Core/Src/main.c:326:6:HandleReceiverTimeoutErrorUART	16	static
../Core/Src/main.c:338:6:HandleUnknownErrorUART	16	static
../Core/Src/main.c:353:6:HAL_UART_ErrorCallback	16	static
../Core/Src/main.c:429:6:HandleNoErrorDMA	16	static
../Core/Src/main.c:439:6:HandleTransferErrorDMA	16	static
../Core/Src/main.c:453:6:HandleNoXferErrorDMA	16	static
../Core/Src/main.c:458:6:HandleTimeOutErrorDMA	16	static
../Core/Src/main.c:468:6:HandleNoSupportedErrorDMA	16	static
../Core/Src/main.c:473:6:HandleSyncErrorDMA	16	static
../Core/Src/main.c:478:6:HandleRequestErrorDMA	16	static
../Core/Src/main.c:483:6:HandleUnknownErrorDMA	16	static
../Core/Src/main.c:496:6:HAL_DMA_ErrorCallback	16	static
../Core/Src/main.c:590:5:main	8	static
../Core/Src/main.c:646:6:SystemClock_Config	96	static
../Core/Src/main.c:707:13:MX_USART1_UART_Init	8	static
../Core/Src/main.c:742:13:MX_USART2_UART_Init	8	static
../Core/Src/main.c:775:13:MX_DMA_Init	16	static
../Core/Src/main.c:802:13:MX_GPIO_Init	40	static
../Core/Src/main.c:835:6:Error_Handler	4	static,ignoring_inline_asm
