../Core/Src/my_controls.c:29:6:counter	4	static
../Core/Src/my_controls.c:54:6:init_status	16	static
../Core/Src/my_controls.c:83:6:get_status_lt_bea	4	static
../Core/Src/my_controls.c:90:6:get_status_lt_pos	4	static
../Core/Src/my_controls.c:97:6:get_status_lt_ac	4	static
../Core/Src/my_controls.c:104:6:get_status_lt_lan	4	static
../Core/Src/my_controls.c:111:6:get_status_lt_sea	4	static
../Core/Src/my_controls.c:123:6:set_status_lt_bea	16	static
../Core/Src/my_controls.c:130:6:set_status_lt_pos	16	static
../Core/Src/my_controls.c:137:6:set_status_lt_ac	16	static
../Core/Src/my_controls.c:144:6:set_status_lt_lan	16	static
../Core/Src/my_controls.c:151:6:set_status_lt_sea	16	static
../Core/Src/my_controls.c:163:6:lt_beacon	8	static
../Core/Src/my_controls.c:177:6:lt_position	8	static
../Core/Src/my_controls.c:191:6:lt_anticollition	8	static
../Core/Src/my_controls.c:214:6:lt_landing	8	static
../Core/Src/my_controls.c:228:6:lt_search	8	static
