../gLib/gApp/gVib.c:67:6:gVibInit	80	static
../gLib/gApp/gVib.c:214:15:gVibGetState	0	static
../gLib/gApp/gVib.c:292:6:gVibGetConstantTrig	0	static
../gLib/gApp/gVib.c:314:6:gVibSetConstantTrig	0	static
../gLib/gApp/gVib.c:328:9:gVibGetMaxCh	0	static
../gLib/gApp/gVib.c:342:6:gVibSetMaxCh	0	static
../gLib/gApp/gVib.c:367:10:gVibGetSeqLen	0	static
../gLib/gApp/gVib.c:380:6:gVibSetSeqLen	0	static
../gLib/gApp/gVib.c:408:6:gVibGetSettings	12	static
../gLib/gApp/gVib.c:446:6:gVibSetSettings	36	static
../gLib/gApp/gVib.c:544:10:gVibGetSeqIndex	0	static
../gLib/gApp/gVib.c:558:10:gVibGetSettingsIndex	0	static
../gLib/gApp/gVib.c:572:6:gVibGetLedDuration	0	static
../gLib/gApp/gVib.c:593:6:gVibSetLedDuration	0	static
../gLib/gApp/gVib.c:606:10:gVibGetSettingsLen	0	static
../gLib/gApp/gVib.c:630:6:gVibResetSettings	8	static
../gLib/gApp/gVib.c:192:6:gVibClearSettings	8	static
../gLib/gApp/gVib.c:649:6:gVibSetPins	24	static
../gLib/gApp/gVib.c:107:6:gVibDeInit	8	static
../gLib/gApp/gVib.c:229:6:gVibSetState	16	static
../gLib/gApp/gVib.c:124:6:gVibLoop	16	static
../gLib/gApp/gVib.c:498:6:gVibSingleSetting	24	static
../gLib/gApp/gVib.c:708:6:mp8859CallbackOverCurrent	8	static
