../Drivers/STM32H5xx_HAL_Driver/Src/stm32h5xx_hal_rcc_ex.c:6208:26:RCCEx_PLL2_Config	16	static
../Drivers/STM32H5xx_HAL_Driver/Src/stm32h5xx_hal_rcc_ex.c:6290:26:RCCEx_PLL3_Config	16	static
../Drivers/STM32H5xx_HAL_Driver/Src/stm32h5xx_hal_rcc_ex.c:6120:26:RCCEx_PLLSource_Enable	16	static
../Drivers/STM32H5xx_HAL_Driver/Src/stm32h5xx_hal_rcc_ex.c:154:19:HAL_RCCEx_PeriphCLKConfig	32	static
../Drivers/STM32H5xx_HAL_Driver/Src/stm32h5xx_hal_rcc_ex.c:2454:6:HAL_RCCEx_GetPeriphCLKConfig	0	static
../Drivers/STM32H5xx_HAL_Driver/Src/stm32h5xx_hal_rcc_ex.c:2833:6:HAL_RCCEx_GetPLL1ClockFreq	20	static
../Drivers/STM32H5xx_HAL_Driver/Src/stm32h5xx_hal_rcc_ex.c:2970:6:HAL_RCCEx_GetPLL2ClockFreq	20	static
../Drivers/STM32H5xx_HAL_Driver/Src/stm32h5xx_hal_rcc_ex.c:3104:6:HAL_RCCEx_GetPLL3ClockFreq	20	static
../Drivers/STM32H5xx_HAL_Driver/Src/stm32h5xx_hal_rcc_ex.c:3280:10:HAL_RCCEx_GetPeriphCLKFreq	24	static
../Drivers/STM32H5xx_HAL_Driver/Src/stm32h5xx_hal_rcc_ex.c:5369:19:HAL_RCCEx_EnablePLL2	16	static
../Drivers/STM32H5xx_HAL_Driver/Src/stm32h5xx_hal_rcc_ex.c:5457:19:HAL_RCCEx_DisablePLL2	16	static
../Drivers/STM32H5xx_HAL_Driver/Src/stm32h5xx_hal_rcc_ex.c:5493:19:HAL_RCCEx_EnablePLL3	16	static
../Drivers/STM32H5xx_HAL_Driver/Src/stm32h5xx_hal_rcc_ex.c:5582:19:HAL_RCCEx_DisablePLL3	16	static
../Drivers/STM32H5xx_HAL_Driver/Src/stm32h5xx_hal_rcc_ex.c:5621:6:HAL_RCCEx_WakeUpStopCLKConfig	0	static
../Drivers/STM32H5xx_HAL_Driver/Src/stm32h5xx_hal_rcc_ex.c:5636:6:HAL_RCCEx_KerWakeUpStopCLKConfig	0	static
../Drivers/STM32H5xx_HAL_Driver/Src/stm32h5xx_hal_rcc_ex.c:5650:6:HAL_RCCEx_EnableLSECSS	0	static
../Drivers/STM32H5xx_HAL_Driver/Src/stm32h5xx_hal_rcc_ex.c:5660:6:HAL_RCCEx_DisableLSECSS	0	static
../Drivers/STM32H5xx_HAL_Driver/Src/stm32h5xx_hal_rcc_ex.c:5682:13:HAL_RCCEx_LSECSS_Callback	0	static
../Drivers/STM32H5xx_HAL_Driver/Src/stm32h5xx_hal_rcc_ex.c:5669:6:HAL_RCCEx_LSECSS_IRQHandler	8	static
../Drivers/STM32H5xx_HAL_Driver/Src/stm32h5xx_hal_rcc_ex.c:5697:6:HAL_RCCEx_EnableLSCO	8	static
../Drivers/STM32H5xx_HAL_Driver/Src/stm32h5xx_hal_rcc_ex.c:5723:6:HAL_RCCEx_DisableLSCO	8	static
../Drivers/STM32H5xx_HAL_Driver/Src/stm32h5xx_hal_rcc_ex.c:5820:6:HAL_RCCEx_CRSConfig	0	static
../Drivers/STM32H5xx_HAL_Driver/Src/stm32h5xx_hal_rcc_ex.c:5862:6:HAL_RCCEx_CRSSoftwareSynchronizationGenerate	0	static
../Drivers/STM32H5xx_HAL_Driver/Src/stm32h5xx_hal_rcc_ex.c:5872:6:HAL_RCCEx_CRSGetSynchronizationInfo	0	static
../Drivers/STM32H5xx_HAL_Driver/Src/stm32h5xx_hal_rcc_ex.c:5905:10:HAL_RCCEx_CRSWaitSynchronization	24	static
../Drivers/STM32H5xx_HAL_Driver/Src/stm32h5xx_hal_rcc_ex.c:6053:13:HAL_RCCEx_CRS_SyncOkCallback	0	static
../Drivers/STM32H5xx_HAL_Driver/Src/stm32h5xx_hal_rcc_ex.c:6064:13:HAL_RCCEx_CRS_SyncWarnCallback	0	static
../Drivers/STM32H5xx_HAL_Driver/Src/stm32h5xx_hal_rcc_ex.c:6075:13:HAL_RCCEx_CRS_ExpectedSyncCallback	0	static
../Drivers/STM32H5xx_HAL_Driver/Src/stm32h5xx_hal_rcc_ex.c:6091:13:HAL_RCCEx_CRS_ErrorCallback	0	static
../Drivers/STM32H5xx_HAL_Driver/Src/stm32h5xx_hal_rcc_ex.c:5988:6:HAL_RCCEx_CRS_IRQHandler	8	static
