../Drivers/STM32H5xx_HAL_Driver/Src/stm32h5xx_hal_cortex.c:184:6:HAL_NVIC_SetPriorityGrouping	0	static
../Drivers/STM32H5xx_HAL_Driver/Src/stm32h5xx_hal_cortex.c:207:6:HAL_NVIC_SetPriority	12	static
../Drivers/STM32H5xx_HAL_Driver/Src/stm32h5xx_hal_cortex.c:230:6:HAL_NVIC_EnableIRQ	0	static,ignoring_inline_asm
../Drivers/STM32H5xx_HAL_Driver/Src/stm32h5xx_hal_cortex.c:247:6:HAL_NVIC_DisableIRQ	0	static,ignoring_inline_asm
../Drivers/STM32H5xx_HAL_Driver/Src/stm32h5xx_hal_cortex.c:260:6:HAL_NVIC_SystemReset	0	static,ignoring_inline_asm
../Drivers/STM32H5xx_HAL_Driver/Src/stm32h5xx_hal_cortex.c:270:10:HAL_NVIC_GetPriorityGrouping	0	static
../Drivers/STM32H5xx_HAL_Driver/Src/stm32h5xx_hal_cortex.c:298:6:HAL_NVIC_GetPriority	16	static
../Drivers/STM32H5xx_HAL_Driver/Src/stm32h5xx_hal_cortex.c:315:6:HAL_NVIC_SetPendingIRQ	0	static
../Drivers/STM32H5xx_HAL_Driver/Src/stm32h5xx_hal_cortex.c:331:10:HAL_NVIC_GetPendingIRQ	0	static
../Drivers/STM32H5xx_HAL_Driver/Src/stm32h5xx_hal_cortex.c:345:6:HAL_NVIC_ClearPendingIRQ	0	static
../Drivers/STM32H5xx_HAL_Driver/Src/stm32h5xx_hal_cortex.c:360:10:HAL_NVIC_GetActive	0	static
../Drivers/STM32H5xx_HAL_Driver/Src/stm32h5xx_hal_cortex.c:393:10:HAL_SYSTICK_Config	0	static
../Drivers/STM32H5xx_HAL_Driver/Src/stm32h5xx_hal_cortex.c:424:6:HAL_SYSTICK_CLKSourceConfig	0	static
../Drivers/STM32H5xx_HAL_Driver/Src/stm32h5xx_hal_cortex.c:463:10:HAL_SYSTICK_GetCLKSourceConfig	0	static
../Drivers/STM32H5xx_HAL_Driver/Src/stm32h5xx_hal_cortex.c:514:13:HAL_SYSTICK_Callback	0	static
../Drivers/STM32H5xx_HAL_Driver/Src/stm32h5xx_hal_cortex.c:505:6:HAL_SYSTICK_IRQHandler	8	static
../Drivers/STM32H5xx_HAL_Driver/Src/stm32h5xx_hal_cortex.c:551:6:HAL_MPU_Enable	0	static,ignoring_inline_asm
../Drivers/STM32H5xx_HAL_Driver/Src/stm32h5xx_hal_cortex.c:600:6:HAL_MPU_Disable	0	static,ignoring_inline_asm
../Drivers/STM32H5xx_HAL_Driver/Src/stm32h5xx_hal_cortex.c:644:6:HAL_MPU_EnableRegion	0	static
../Drivers/STM32H5xx_HAL_Driver/Src/stm32h5xx_hal_cortex.c:682:6:HAL_MPU_DisableRegion	0	static
../Drivers/STM32H5xx_HAL_Driver/Src/stm32h5xx_hal_cortex.c:720:6:HAL_MPU_ConfigRegion	0	static,ignoring_inline_asm
../Drivers/STM32H5xx_HAL_Driver/Src/stm32h5xx_hal_cortex.c:744:6:HAL_MPU_ConfigMemoryAttributes	8	static,ignoring_inline_asm
