../Drivers/STM32H5xx_HAL_Driver/Src/stm32h5xx_hal_dma_ex.c:4092:17:DMA_List_CheckNodesBaseAddresses	0	static
../Drivers/STM32H5xx_HAL_Driver/Src/stm32h5xx_hal_dma_ex.c:4135:17:DMA_List_CheckNodesTypes	0	static
../Drivers/STM32H5xx_HAL_Driver/Src/stm32h5xx_hal_dma_ex.c:4236:17:DMA_List_FindNode	28	static
../Drivers/STM32H5xx_HAL_Driver/Src/stm32h5xx_hal_dma_ex.c:4192:13:DMA_List_GetCLLRNodeInfo.isra	0	static
../Drivers/STM32H5xx_HAL_Driver/Src/stm32h5xx_hal_dma_ex.c:4628:13:DMA_List_UpdateStaticQueueNodesCLLR	32	static
../Drivers/STM32H5xx_HAL_Driver/Src/stm32h5xx_hal_dma_ex.c:4552:13:DMA_List_UpdateDynamicQueueNodesCLLR	48	static
../Drivers/STM32H5xx_HAL_Driver/Src/stm32h5xx_hal_dma_ex.c:604:19:HAL_DMAEx_List_Init	16	static
../Drivers/STM32H5xx_HAL_Driver/Src/stm32h5xx_hal_dma_ex.c:673:19:HAL_DMAEx_List_DeInit	16	static
../Drivers/STM32H5xx_HAL_Driver/Src/stm32h5xx_hal_dma_ex.c:815:19:HAL_DMAEx_List_Start	24	static
../Drivers/STM32H5xx_HAL_Driver/Src/stm32h5xx_hal_dma_ex.c:877:19:HAL_DMAEx_List_Start_IT	24	static
../Drivers/STM32H5xx_HAL_Driver/Src/stm32h5xx_hal_dma_ex.c:1045:19:HAL_DMAEx_List_BuildNode	20	static
../Drivers/STM32H5xx_HAL_Driver/Src/stm32h5xx_hal_dma_ex.c:1120:19:HAL_DMAEx_List_GetNodeConfig	12	static
../Drivers/STM32H5xx_HAL_Driver/Src/stm32h5xx_hal_dma_ex.c:1144:19:HAL_DMAEx_List_InsertNode	56	static
../Drivers/STM32H5xx_HAL_Driver/Src/stm32h5xx_hal_dma_ex.c:1274:19:HAL_DMAEx_List_InsertNode_Head	24	static
../Drivers/STM32H5xx_HAL_Driver/Src/stm32h5xx_hal_dma_ex.c:1353:19:HAL_DMAEx_List_InsertNode_Tail	56	static
../Drivers/STM32H5xx_HAL_Driver/Src/stm32h5xx_hal_dma_ex.c:1440:19:HAL_DMAEx_List_RemoveNode	48	static
../Drivers/STM32H5xx_HAL_Driver/Src/stm32h5xx_hal_dma_ex.c:1581:19:HAL_DMAEx_List_RemoveNode_Head	48	static
../Drivers/STM32H5xx_HAL_Driver/Src/stm32h5xx_hal_dma_ex.c:1678:19:HAL_DMAEx_List_RemoveNode_Tail	48	static
../Drivers/STM32H5xx_HAL_Driver/Src/stm32h5xx_hal_dma_ex.c:1773:19:HAL_DMAEx_List_ReplaceNode	56	static
../Drivers/STM32H5xx_HAL_Driver/Src/stm32h5xx_hal_dma_ex.c:1936:19:HAL_DMAEx_List_ReplaceNode_Head	56	static
../Drivers/STM32H5xx_HAL_Driver/Src/stm32h5xx_hal_dma_ex.c:2033:19:HAL_DMAEx_List_ReplaceNode_Tail	56	static
../Drivers/STM32H5xx_HAL_Driver/Src/stm32h5xx_hal_dma_ex.c:2124:19:HAL_DMAEx_List_ResetQ	40	static
../Drivers/STM32H5xx_HAL_Driver/Src/stm32h5xx_hal_dma_ex.c:2196:19:HAL_DMAEx_List_InsertQ	80	static
../Drivers/STM32H5xx_HAL_Driver/Src/stm32h5xx_hal_dma_ex.c:2404:19:HAL_DMAEx_List_InsertQ_Head	80	static
../Drivers/STM32H5xx_HAL_Driver/Src/stm32h5xx_hal_dma_ex.c:2541:19:HAL_DMAEx_List_InsertQ_Tail	80	static
../Drivers/STM32H5xx_HAL_Driver/Src/stm32h5xx_hal_dma_ex.c:2677:19:HAL_DMAEx_List_SetCircularModeConfig	56	static
../Drivers/STM32H5xx_HAL_Driver/Src/stm32h5xx_hal_dma_ex.c:2772:19:HAL_DMAEx_List_SetCircularMode	56	static
../Drivers/STM32H5xx_HAL_Driver/Src/stm32h5xx_hal_dma_ex.c:2855:19:HAL_DMAEx_List_ClearCircularMode	40	static
../Drivers/STM32H5xx_HAL_Driver/Src/stm32h5xx_hal_dma_ex.c:2926:19:HAL_DMAEx_List_ConvertQToDynamic	160	static
../Drivers/STM32H5xx_HAL_Driver/Src/stm32h5xx_hal_dma_ex.c:3028:19:HAL_DMAEx_List_ConvertQToStatic	136	static
../Drivers/STM32H5xx_HAL_Driver/Src/stm32h5xx_hal_dma_ex.c:3105:19:HAL_DMAEx_List_LinkQ	0	static
../Drivers/STM32H5xx_HAL_Driver/Src/stm32h5xx_hal_dma_ex.c:3186:19:HAL_DMAEx_List_UnLinkQ	0	static
../Drivers/STM32H5xx_HAL_Driver/Src/stm32h5xx_hal_dma_ex.c:3255:19:HAL_DMAEx_ConfigDataHandling	0	static
../Drivers/STM32H5xx_HAL_Driver/Src/stm32h5xx_hal_dma_ex.c:3295:19:HAL_DMAEx_ConfigTrigger	8	static
../Drivers/STM32H5xx_HAL_Driver/Src/stm32h5xx_hal_dma_ex.c:3340:19:HAL_DMAEx_ConfigRepeatBlock	8	static
../Drivers/STM32H5xx_HAL_Driver/Src/stm32h5xx_hal_dma_ex.c:3479:19:HAL_DMAEx_Suspend	16	static
../Drivers/STM32H5xx_HAL_Driver/Src/stm32h5xx_hal_dma_ex.c:3538:19:HAL_DMAEx_Suspend_IT	0	static
../Drivers/STM32H5xx_HAL_Driver/Src/stm32h5xx_hal_dma_ex.c:3572:19:HAL_DMAEx_Resume	0	static
../Drivers/STM32H5xx_HAL_Driver/Src/stm32h5xx_hal_dma_ex.c:3633:10:HAL_DMAEx_GetFifoLevel	0	static
