../Drivers/STM32H5xx_HAL_Driver/Src/stm32h5xx_hal_uart.c:681:13:HAL_UART_MspInit	0	static
../Drivers/STM32H5xx_HAL_Driver/Src/stm32h5xx_hal_uart.c:2846:13:HAL_UARTEx_RxEventCallback	0	static
../Drivers/STM32H5xx_HAL_Driver/Src/stm32h5xx_hal_uart.c:3728:13:UART_EndTxTransfer	0	static,ignoring_inline_asm
../Drivers/STM32H5xx_HAL_Driver/Src/stm32h5xx_hal_uart.c:3745:13:UART_EndRxTransfer	8	static,ignoring_inline_asm
../Drivers/STM32H5xx_HAL_Driver/Src/stm32h5xx_hal_uart.c:3772:13:UART_DMATransmitCplt	0	static,ignoring_inline_asm
../Drivers/STM32H5xx_HAL_Driver/Src/stm32h5xx_hal_uart.c:3808:13:UART_DMATxHalfCplt	0	static
../Drivers/STM32H5xx_HAL_Driver/Src/stm32h5xx_hal_uart.c:3826:13:UART_DMAReceiveCplt	0	static,ignoring_inline_asm
../Drivers/STM32H5xx_HAL_Driver/Src/stm32h5xx_hal_uart.c:3889:13:UART_DMARxHalfCplt	0	static
../Drivers/STM32H5xx_HAL_Driver/Src/stm32h5xx_hal_uart.c:3927:13:UART_DMAError	16	static
../Drivers/STM32H5xx_HAL_Driver/Src/stm32h5xx_hal_uart.c:3967:13:UART_DMAAbortOnError	0	static
../Drivers/STM32H5xx_HAL_Driver/Src/stm32h5xx_hal_uart.c:3990:13:UART_DMATxAbortCallback	0	static
../Drivers/STM32H5xx_HAL_Driver/Src/stm32h5xx_hal_uart.c:4045:13:UART_DMARxAbortCallback	0	static
../Drivers/STM32H5xx_HAL_Driver/Src/stm32h5xx_hal_uart.c:4097:13:UART_DMATxOnlyAbortCallback	0	static
../Drivers/STM32H5xx_HAL_Driver/Src/stm32h5xx_hal_uart.c:4130:13:UART_DMARxOnlyAbortCallback	0	static
../Drivers/STM32H5xx_HAL_Driver/Src/stm32h5xx_hal_uart.c:4331:13:UART_RxISR_8BIT	0	static,ignoring_inline_asm
../Drivers/STM32H5xx_HAL_Driver/Src/stm32h5xx_hal_uart.c:4515:13:UART_RxISR_8BIT_FIFOEN	32	static,ignoring_inline_asm
../Drivers/STM32H5xx_HAL_Driver/Src/stm32h5xx_hal_uart.c:4678:13:UART_RxISR_16BIT_FIFOEN	32	static,ignoring_inline_asm
../Drivers/STM32H5xx_HAL_Driver/Src/stm32h5xx_hal_uart.c:4164:13:UART_TxISR_8BIT.part.0	0	static,ignoring_inline_asm
../Drivers/STM32H5xx_HAL_Driver/Src/stm32h5xx_hal_uart.c:4164:13:UART_TxISR_8BIT	0	static
../Drivers/STM32H5xx_HAL_Driver/Src/stm32h5xx_hal_uart.c:4193:13:UART_TxISR_16BIT	0	static
../Drivers/STM32H5xx_HAL_Driver/Src/stm32h5xx_hal_uart.c:4225:13:UART_TxISR_8BIT_FIFOEN	8	static,ignoring_inline_asm
../Drivers/STM32H5xx_HAL_Driver/Src/stm32h5xx_hal_uart.c:4265:13:UART_TxISR_16BIT_FIFOEN	8	static,ignoring_inline_asm
../Drivers/STM32H5xx_HAL_Driver/Src/stm32h5xx_hal_uart.c:4422:13:UART_RxISR_16BIT	0	static,ignoring_inline_asm
../Drivers/STM32H5xx_HAL_Driver/Src/stm32h5xx_hal_uart.c:2829:13:HAL_UART_AbortReceiveCpltCallback	0	static
../Drivers/STM32H5xx_HAL_Driver/Src/stm32h5xx_hal_uart.c:696:13:HAL_UART_MspDeInit	0	static
../Drivers/STM32H5xx_HAL_Driver/Src/stm32h5xx_hal_uart.c:2724:13:HAL_UART_TxCpltCallback	0	static
../Drivers/STM32H5xx_HAL_Driver/Src/stm32h5xx_hal_uart.c:2739:13:HAL_UART_TxHalfCpltCallback	0	static
../Drivers/STM32H5xx_HAL_Driver/Src/stm32h5xx_hal_uart.c:2754:13:HAL_UART_RxCpltCallback	0	static
../Drivers/STM32H5xx_HAL_Driver/Src/stm32h5xx_hal_uart.c:2769:13:HAL_UART_RxHalfCpltCallback	0	static
../Drivers/STM32H5xx_HAL_Driver/Src/stm32h5xx_hal_uart.c:2784:13:HAL_UART_ErrorCallback	0	static
../Drivers/STM32H5xx_HAL_Driver/Src/stm32h5xx_hal_uart.c:2799:13:HAL_UART_AbortCpltCallback	0	static
../Drivers/STM32H5xx_HAL_Driver/Src/stm32h5xx_hal_uart.c:2814:13:HAL_UART_AbortTransmitCpltCallback	0	static
../Drivers/STM32H5xx_HAL_Driver/Src/stm32h5xx_hal_uart.c:634:19:HAL_UART_DeInit	8	static
../Drivers/STM32H5xx_HAL_Driver/Src/stm32h5xx_hal_uart.c:732:19:HAL_UART_RegisterCallback	0	static
../Drivers/STM32H5xx_HAL_Driver/Src/stm32h5xx_hal_uart.c:860:19:HAL_UART_UnRegisterCallback	0	static
../Drivers/STM32H5xx_HAL_Driver/Src/stm32h5xx_hal_uart.c:965:19:HAL_UART_RegisterRxEventCallback	0	static
../Drivers/STM32H5xx_HAL_Driver/Src/stm32h5xx_hal_uart.c:996:19:HAL_UART_UnRegisterRxEventCallback	0	static
../Drivers/STM32H5xx_HAL_Driver/Src/stm32h5xx_hal_uart.c:1309:19:HAL_UART_Transmit_IT	8	static,ignoring_inline_asm
../Drivers/STM32H5xx_HAL_Driver/Src/stm32h5xx_hal_uart.c:1435:19:HAL_UART_Transmit_DMA	16	static,ignoring_inline_asm
../Drivers/STM32H5xx_HAL_Driver/Src/stm32h5xx_hal_uart.c:1580:19:HAL_UART_DMAPause	16	static,ignoring_inline_asm
../Drivers/STM32H5xx_HAL_Driver/Src/stm32h5xx_hal_uart.c:1642:19:HAL_UART_DMAResume	8	static,ignoring_inline_asm
../Drivers/STM32H5xx_HAL_Driver/Src/stm32h5xx_hal_uart.c:1691:19:HAL_UART_DMAStop	16	static,ignoring_inline_asm
../Drivers/STM32H5xx_HAL_Driver/Src/stm32h5xx_hal_uart.c:1767:19:HAL_UART_Abort	8	static,ignoring_inline_asm
../Drivers/STM32H5xx_HAL_Driver/Src/stm32h5xx_hal_uart.c:1876:19:HAL_UART_AbortTransmit	8	static,ignoring_inline_asm
../Drivers/STM32H5xx_HAL_Driver/Src/stm32h5xx_hal_uart.c:1939:19:HAL_UART_AbortReceive	8	static,ignoring_inline_asm
../Drivers/STM32H5xx_HAL_Driver/Src/stm32h5xx_hal_uart.c:2011:19:HAL_UART_Abort_IT	16	static,ignoring_inline_asm
../Drivers/STM32H5xx_HAL_Driver/Src/stm32h5xx_hal_uart.c:2170:19:HAL_UART_AbortTransmit_IT	8	static,ignoring_inline_asm
../Drivers/STM32H5xx_HAL_Driver/Src/stm32h5xx_hal_uart.c:2265:19:HAL_UART_AbortReceive_IT	8	static,ignoring_inline_asm
../Drivers/STM32H5xx_HAL_Driver/Src/stm32h5xx_hal_uart.c:2362:6:HAL_UART_IRQHandler	24	static,ignoring_inline_asm
../Drivers/STM32H5xx_HAL_Driver/Src/stm32h5xx_hal_uart.c:2894:6:HAL_UART_ReceiverTimeout_Config	0	static
../Drivers/STM32H5xx_HAL_Driver/Src/stm32h5xx_hal_uart.c:2909:19:HAL_UART_EnableReceiverTimeout	0	static
../Drivers/STM32H5xx_HAL_Driver/Src/stm32h5xx_hal_uart.c:2947:19:HAL_UART_DisableReceiverTimeout	0	static
../Drivers/STM32H5xx_HAL_Driver/Src/stm32h5xx_hal_uart.c:3025:6:HAL_MultiProcessor_EnterMuteMode	0	static
../Drivers/STM32H5xx_HAL_Driver/Src/stm32h5xx_hal_uart.c:3035:19:HAL_HalfDuplex_EnableTransmitter	8	static,ignoring_inline_asm
../Drivers/STM32H5xx_HAL_Driver/Src/stm32h5xx_hal_uart.c:3058:19:HAL_HalfDuplex_EnableReceiver	8	static,ignoring_inline_asm
../Drivers/STM32H5xx_HAL_Driver/Src/stm32h5xx_hal_uart.c:3082:19:HAL_LIN_SendBreak	0	static
../Drivers/STM32H5xx_HAL_Driver/Src/stm32h5xx_hal_uart.c:3127:23:HAL_UART_GetState	0	static
../Drivers/STM32H5xx_HAL_Driver/Src/stm32h5xx_hal_uart.c:3143:10:HAL_UART_GetError	0	static
../Drivers/STM32H5xx_HAL_Driver/Src/stm32h5xx_hal_uart.c:3165:6:UART_InitCallbacksToDefault	0	static
../Drivers/STM32H5xx_HAL_Driver/Src/stm32h5xx_hal_uart.c:3189:19:UART_SetConfig	16	static
../Drivers/STM32H5xx_HAL_Driver/Src/stm32h5xx_hal_uart.c:3346:6:UART_AdvFeatureConfig	8	static
../Drivers/STM32H5xx_HAL_Driver/Src/stm32h5xx_hal_uart.c:3491:19:UART_WaitOnFlagUntilTimeout	32	static
../Drivers/STM32H5xx_HAL_Driver/Src/stm32h5xx_hal_uart.c:1119:19:HAL_UART_Transmit	40	static
../Drivers/STM32H5xx_HAL_Driver/Src/stm32h5xx_hal_uart.c:1217:19:HAL_UART_Receive	40	static
../Drivers/STM32H5xx_HAL_Driver/Src/stm32h5xx_hal_uart.c:3422:19:UART_CheckIdleState	24	static,ignoring_inline_asm
../Drivers/STM32H5xx_HAL_Driver/Src/stm32h5xx_hal_uart.c:309:19:HAL_UART_Init	8	static
../Drivers/STM32H5xx_HAL_Driver/Src/stm32h5xx_hal_uart.c:384:19:HAL_HalfDuplex_Init	8	static
../Drivers/STM32H5xx_HAL_Driver/Src/stm32h5xx_hal_uart.c:459:19:HAL_LIN_Init	16	static
../Drivers/STM32H5xx_HAL_Driver/Src/stm32h5xx_hal_uart.c:558:19:HAL_MultiProcessor_Init	16	static
../Drivers/STM32H5xx_HAL_Driver/Src/stm32h5xx_hal_uart.c:2985:19:HAL_MultiProcessor_EnableMuteMode	0	static,ignoring_inline_asm
../Drivers/STM32H5xx_HAL_Driver/Src/stm32h5xx_hal_uart.c:3005:19:HAL_MultiProcessor_DisableMuteMode	0	static,ignoring_inline_asm
../Drivers/STM32H5xx_HAL_Driver/Src/stm32h5xx_hal_uart.c:3559:19:UART_Start_Receive_IT	12	static,ignoring_inline_asm
../Drivers/STM32H5xx_HAL_Driver/Src/stm32h5xx_hal_uart.c:1385:19:HAL_UART_Receive_IT	8	static,ignoring_inline_asm
../Drivers/STM32H5xx_HAL_Driver/Src/stm32h5xx_hal_uart.c:3632:19:UART_Start_Receive_DMA	16	static,ignoring_inline_asm
../Drivers/STM32H5xx_HAL_Driver/Src/stm32h5xx_hal_uart.c:1544:19:HAL_UART_Receive_DMA	8	static,ignoring_inline_asm
