../gLib/gApp/gVib.c:65:6:gVibInit	80	static
../gLib/gApp/gVib.c:212:15:gVibGetState	0	static
../gLib/gApp/gVib.c:290:6:gVibGetConstantTrig	0	static
../gLib/gApp/gVib.c:312:6:gVibSetConstantTrig	0	static
../gLib/gApp/gVib.c:326:9:gVibGetMaxCh	0	static
../gLib/gApp/gVib.c:340:6:gVibSetMaxCh	0	static
../gLib/gApp/gVib.c:364:10:gVibGetSeqLen	0	static
../gLib/gApp/gVib.c:377:6:gVibSetSeqLen	0	static
../gLib/gApp/gVib.c:405:6:gVibGetSettings	12	static
../gLib/gApp/gVib.c:443:6:gVibSetSettings	36	static
../gLib/gApp/gVib.c:541:10:gVibGetSeqIndex	0	static
../gLib/gApp/gVib.c:555:10:gVibGetSettingsIndex	0	static
../gLib/gApp/gVib.c:569:6:gVibGetLedDuration	0	static
../gLib/gApp/gVib.c:590:6:gVibSetLedDuration	0	static
../gLib/gApp/gVib.c:603:10:gVibGetSettingsLen	0	static
../gLib/gApp/gVib.c:627:6:gVibResetSettings	8	static
../gLib/gApp/gVib.c:190:6:gVibClearSettings	8	static
../gLib/gApp/gVib.c:646:6:gVibSetPins	24	static
../gLib/gApp/gVib.c:105:6:gVibDeInit	8	static
../gLib/gApp/gVib.c:227:6:gVibSetState	16	static
../gLib/gApp/gVib.c:122:6:gVibLoop	16	static
../gLib/gApp/gVib.c:495:6:gVibSingleSetting	24	static
