../gLib/gCore/gComCallback.c:308:6:gComCallbackGetHw.part.0	0	static
../gLib/gCore/gComCallback.c:430:6:gComCallbackGetTempThreshold.part.0	16	static
../gLib/gCore/gComCallback.c:472:6:gComCallbackSetIv.part.0	0	static
../gLib/gCore/gComCallback.c:552:6:gComCallbackVibGetTrigCfg.part.0	16	static
../gLib/gCore/gComCallback.c:591:6:gComCallbackVibGetMaxChCfg.part.0	16	static
../gLib/gCore/gComCallback.c:632:6:gComCallbackVibGetSeqLen.part.0	16	static
../gLib/gCore/gComCallback.c:666:6:gComCallbackVibGetSettings.part.0	2048	static
../gLib/gCore/gComCallback.c:717:6:gComCallbackVibGetDc.part.0	24	static
../gLib/gCore/gComCallback.c:833:6:gComCallbackVibGetLedDuration.part.0	16	static
../gLib/gCore/gComCallback.c:107:6:gComCallbackSyncTimeout	8	static
../gLib/gCore/gComCallback.c:258:6:gComCallbackSync	24	static
../gLib/gCore/gComCallback.c:292:6:gComCallbackRestart	8	static
../gLib/gCore/gComCallback.c:308:6:gComCallbackGetHw	40	static
../gLib/gCore/gComCallback.c:332:6:gComCallbackSetHw	48	static
../gLib/gCore/gComCallback.c:357:6:gComCallbackGetFw	40	static
../gLib/gCore/gComCallback.c:381:6:gComCallbackGetSn	40	static
../gLib/gCore/gComCallback.c:405:6:gComCallbackSetSn	48	static
../gLib/gCore/gComCallback.c:430:6:gComCallbackGetTempThreshold	0	static
../gLib/gCore/gComCallback.c:448:6:gComCallbackSetTempThreshold	8	static
../gLib/gCore/gComCallback.c:472:6:gComCallbackSetIv	8	static
../gLib/gCore/gComCallback.c:494:6:gComCallbackOpenPort	8	static
../gLib/gCore/gComCallback.c:518:6:gComCallbackClosePort	8	static
../gLib/gCore/gComCallback.c:533:6:gComCallbackVibSetState	8	static
../gLib/gCore/gComCallback.c:552:6:gComCallbackVibGetTrigCfg	0	static
../gLib/gCore/gComCallback.c:569:6:gComCallbackVibSetTrigCfg	8	static
../gLib/gCore/gComCallback.c:591:6:gComCallbackVibGetMaxChCfg	0	static
../gLib/gCore/gComCallback.c:605:6:gComCallbackVibSetMaxChCfg	8	static
../gLib/gCore/gComCallback.c:632:6:gComCallbackVibGetSeqLen	0	static
../gLib/gCore/gComCallback.c:647:6:gComCallbackVibSetSeqLen	8	static
../gLib/gCore/gComCallback.c:666:6:gComCallbackVibGetSettings	0	static
../gLib/gCore/gComCallback.c:688:6:gComCallbackVibSetSettings	24	static
../gLib/gCore/gComCallback.c:717:6:gComCallbackVibGetDc	0	static
../gLib/gCore/gComCallback.c:757:6:gComCallbackVibSetDc	16	static
../gLib/gCore/gComCallback.c:794:6:gComCallbackVibClearSettings	8	static
../gLib/gCore/gComCallback.c:813:6:gComCallbackVibSingleSettings	8	static
../gLib/gCore/gComCallback.c:833:6:gComCallbackVibGetLedDuration	0	static
../gLib/gCore/gComCallback.c:852:6:gComCallbackVibSetLedDuration	16	static
../gLib/gCore/gComCallback.c:123:6:gComCallbackCmd	16	static
../gLib/gCore/gComCallback.c:876:6:gComCallbackVibIsOverCurrent	16	static
